******************************************************************************
            TI ARM Clang Linker PC v4.0.4                      
******************************************************************************
>> Linked Mon Nov 17 15:44:17 2025

OUTPUT FILE NAME:   <difference_Amplifier_Mode.out>
ENTRY POINT SYMBOL: "_c_int00_noinit_noargs"  address: 00000149


MEMORY CONFIGURATION

         name            origin    length      used     unused   attr    fill
----------------------  --------  ---------  --------  --------  ----  --------
  FLASH                 00000000   00020000  000001c8  0001fe38  R  X
  SRAM                  20200000   00008000  00000200  00007e00  RW X
  BCR_CONFIG            41c00000   000000ff  00000000  000000ff  R   
  BSL_CONFIG            41c00100   00000080  00000000  00000080  R   


SEGMENT ALLOCATION MAP

run origin  load origin   length   init length attrs members
----------  ----------- ---------- ----------- ----- -------
00000000    00000000    000001c8   000001c8    r-x
  00000000    00000000    000000c0   000000c0    r-- .intvecs
  000000c0    000000c0    00000108   00000108    r-x .text
20207e00    20207e00    00000200   00000000    rw-
  20207e00    20207e00    00000200   00000000    rw- .stack


SECTION ALLOCATION MAP

 output                                  attributes/
section   page    origin      length       input sections
--------  ----  ----------  ----------   ----------------
.intvecs   0    00000000    000000c0     
                  00000000    000000c0     startup_mspm0g350x_ticlang.o (.intvecs)

.text      0    000000c0    00000108     
                  000000c0    00000040     ti_msp_dl_config.o (.text.SYSCFG_DL_initPower)
                  00000100    00000024     ti_msp_dl_config.o (.text.SYSCFG_DL_OPA_0_init)
                  00000124    00000024     ti_msp_dl_config.o (.text.SYSCFG_DL_OPA_1_init)
                  00000148    00000020     libc.a : boot_cortex_m.c.obj (.text:_c_int00_noinit_noargs)
                  00000168    0000001c     ti_msp_dl_config.o (.text.SYSCFG_DL_SYSCTL_init)
                  00000184    00000018     ti_msp_dl_config.o (.text.SYSCFG_DL_init)
                  0000019c    0000000a     dl_common.o (.text.DL_Common_delayCycles)
                  000001a6    00000006     empty.o (.text.main)
                  000001ac    00000006     libc.a : exit.c.obj (.text:abort)
                  000001b2    00000004     libsysbm.a : hostexit.c.obj (.text.HOSTexit)
                  000001b6    00000004     startup_mspm0g350x_ticlang.o (.text.Reset_Handler)
                  000001ba    00000004     libc.a : pre_init.c.obj (.text._system_pre_init)
                  000001be    00000002     startup_mspm0g350x_ticlang.o (.text.Default_Handler)
                  000001c0    00000002     ti_msp_dl_config.o (.text.SYSCFG_DL_GPIO_init)
                  000001c2    00000006     --HOLE-- [fill = 0]

.cinit     0    00000000    00000000     

.init_array 
*          0    00000000    00000000     UNINITIALIZED

.binit     0    00000000    00000000     

.stack     0    20207e00    00000200     UNINITIALIZED
                  20207e00    00000004     libc.a : boot_cortex_m.c.obj (.stack)
                  20207e04    000001fc     --HOLE--

__llvm_prf_cnts 
*          0    20200000    00000000     UNINITIALIZED

__llvm_prf_bits 
*          0    20200000    00000000     UNINITIALIZED

MODULE SUMMARY

       Module                         code   ro data   rw data
       ------                         ----   -------   -------
    .\
       startup_mspm0g350x_ticlang.o   6      192       0      
       ti_msp_dl_config.o             190    0         0      
       empty.o                        6      0         0      
    +--+------------------------------+------+---------+---------+
       Total:                         202    192       0      
                                                              
    .\ti\driverlib\
       dl_common.o                    10     0         0      
    +--+------------------------------+------+---------+---------+
       Total:                         10     0         0      
                                                              
    C:\ti\ccs2031\ccs\tools\compiler\ti-cgt-armllvm_4.0.4.LTS\lib\armv6m-ti-none-eabi/c/libc.a
       boot_cortex_m.c.obj            32     0         0      
       exit.c.obj                     6      0         0      
       pre_init.c.obj                 4      0         0      
    +--+------------------------------+------+---------+---------+
       Total:                         42     0         0      
                                                              
    C:\ti\ccs2031\ccs\tools\compiler\ti-cgt-armllvm_4.0.4.LTS\lib\armv6m-ti-none-eabi/c/libsysbm.a
       hostexit.c.obj                 4      0         0      
    +--+------------------------------+------+---------+---------+
       Total:                         4      0         0      
                                                              
       Stack:                         0      0         512    
    +--+------------------------------+------+---------+---------+
       Grand Total:                   258    192       512    


GLOBAL SYMBOLS: SORTED ALPHABETICALLY BY Name 

address   name                    
-------   ----                    
000001bf  ADC0_IRQHandler         
000001bf  ADC1_IRQHandler         
000001bf  AES_IRQHandler          
000001b2  C$$EXIT                 
000001bf  CANFD0_IRQHandler       
000001bf  DAC0_IRQHandler         
0000019d  DL_Common_delayCycles   
000001bf  DMA_IRQHandler          
000001bf  Default_Handler         
000001bf  GROUP0_IRQHandler       
000001bf  GROUP1_IRQHandler       
000001b3  HOSTexit                
000001bf  HardFault_Handler       
000001bf  I2C0_IRQHandler         
000001bf  I2C1_IRQHandler         
000001bf  NMI_Handler             
000001bf  PendSV_Handler          
000001bf  RTC_IRQHandler          
000001b7  Reset_Handler           
000001bf  SPI0_IRQHandler         
000001bf  SPI1_IRQHandler         
000001bf  SVC_Handler             
000001c1  SYSCFG_DL_GPIO_init     
00000101  SYSCFG_DL_OPA_0_init    
00000125  SYSCFG_DL_OPA_1_init    
00000169  SYSCFG_DL_SYSCTL_init   
00000185  SYSCFG_DL_init          
000000c1  SYSCFG_DL_initPower     
000001bf  SysTick_Handler         
000001bf  TIMA0_IRQHandler        
000001bf  TIMA1_IRQHandler        
000001bf  TIMG0_IRQHandler        
000001bf  TIMG12_IRQHandler       
000001bf  TIMG6_IRQHandler        
000001bf  TIMG7_IRQHandler        
000001bf  TIMG8_IRQHandler        
000001bf  UART0_IRQHandler        
000001bf  UART1_IRQHandler        
000001bf  UART2_IRQHandler        
000001bf  UART3_IRQHandler        
20208000  __STACK_END             
00000200  __STACK_SIZE            
00000000  __TI_ATRegion0_region_sz
00000000  __TI_ATRegion0_src_addr 
00000000  __TI_ATRegion0_trg_addr 
00000000  __TI_ATRegion1_region_sz
00000000  __TI_ATRegion1_src_addr 
00000000  __TI_ATRegion1_trg_addr 
00000000  __TI_ATRegion2_region_sz
00000000  __TI_ATRegion2_src_addr 
00000000  __TI_ATRegion2_trg_addr 
00000000  __TI_CINIT_Base         
00000000  __TI_CINIT_Limit        
00000000  __TI_CINIT_Warm         
ffffffff  __TI_pprof_out_hndl     
ffffffff  __TI_prof_data_size     
ffffffff  __TI_prof_data_start    
00000000  __TI_static_base__      
ffffffff  __binit__               
UNDEFED   __mpu_init              
20207e00  __stack                 
20200000  __start___llvm_prf_bits 
20200000  __start___llvm_prf_cnts 
20200000  __stop___llvm_prf_bits  
20200000  __stop___llvm_prf_cnts  
00000149  _c_int00_noinit_noargs  
000001bb  _system_pre_init        
000001ad  abort                   
ffffffff  binit                   
00000000  interruptVectors        
000001a7  main                    


GLOBAL SYMBOLS: SORTED BY Symbol Address 

address   name                    
-------   ----                    
00000000  __TI_ATRegion0_region_sz
00000000  __TI_ATRegion0_src_addr 
00000000  __TI_ATRegion0_trg_addr 
00000000  __TI_ATRegion1_region_sz
00000000  __TI_ATRegion1_src_addr 
00000000  __TI_ATRegion1_trg_addr 
00000000  __TI_ATRegion2_region_sz
00000000  __TI_ATRegion2_src_addr 
00000000  __TI_ATRegion2_trg_addr 
00000000  __TI_CINIT_Base         
00000000  __TI_CINIT_Limit        
00000000  __TI_CINIT_Warm         
00000000  __TI_static_base__      
00000000  interruptVectors        
000000c1  SYSCFG_DL_initPower     
00000101  SYSCFG_DL_OPA_0_init    
00000125  SYSCFG_DL_OPA_1_init    
00000149  _c_int00_noinit_noargs  
00000169  SYSCFG_DL_SYSCTL_init   
00000185  SYSCFG_DL_init          
0000019d  DL_Common_delayCycles   
000001a7  main                    
000001ad  abort                   
000001b2  C$$EXIT                 
000001b3  HOSTexit                
000001b7  Reset_Handler           
000001bb  _system_pre_init        
000001bf  ADC0_IRQHandler         
000001bf  ADC1_IRQHandler         
000001bf  AES_IRQHandler          
000001bf  CANFD0_IRQHandler       
000001bf  DAC0_IRQHandler         
000001bf  DMA_IRQHandler          
000001bf  Default_Handler         
000001bf  GROUP0_IRQHandler       
000001bf  GROUP1_IRQHandler       
000001bf  HardFault_Handler       
000001bf  I2C0_IRQHandler         
000001bf  I2C1_IRQHandler         
000001bf  NMI_Handler             
000001bf  PendSV_Handler          
000001bf  RTC_IRQHandler          
000001bf  SPI0_IRQHandler         
000001bf  SPI1_IRQHandler         
000001bf  SVC_Handler             
000001bf  SysTick_Handler         
000001bf  TIMA0_IRQHandler        
000001bf  TIMA1_IRQHandler        
000001bf  TIMG0_IRQHandler        
000001bf  TIMG12_IRQHandler       
000001bf  TIMG6_IRQHandler        
000001bf  TIMG7_IRQHandler        
000001bf  TIMG8_IRQHandler        
000001bf  UART0_IRQHandler        
000001bf  UART1_IRQHandler        
000001bf  UART2_IRQHandler        
000001bf  UART3_IRQHandler        
000001c1  SYSCFG_DL_GPIO_init     
00000200  __STACK_SIZE            
20200000  __start___llvm_prf_bits 
20200000  __start___llvm_prf_cnts 
20200000  __stop___llvm_prf_bits  
20200000  __stop___llvm_prf_cnts  
20207e00  __stack                 
20208000  __STACK_END             
ffffffff  __TI_pprof_out_hndl     
ffffffff  __TI_prof_data_size     
ffffffff  __TI_prof_data_start    
ffffffff  __binit__               
ffffffff  binit                   
UNDEFED   __mpu_init              

[71 symbols]
