******************************************************************************
            TI ARM Clang Linker PC v4.0.4                      
******************************************************************************
>> Linked Thu Nov 13 17:55:44 2025

OUTPUT FILE NAME:   <DAC.out>
ENTRY POINT SYMBOL: "_c_int00_noinit_noargs"  address: 00000265


MEMORY CONFIGURATION

         name            origin    length      used     unused   attr    fill
----------------------  --------  ---------  --------  --------  ----  --------
  FLASH                 00000000   00020000  00000300  0001fd00  R  X
  SRAM                  20200000   00008000  00000200  00007e00  RW X
  BCR_CONFIG            41c00000   000000ff  00000000  000000ff  R   
  BSL_CONFIG            41c00100   00000080  00000000  00000080  R   


SEGMENT ALLOCATION MAP

run origin  load origin   length   init length attrs members
----------  ----------- ---------- ----------- ----- -------
00000000    00000000    00000300   00000300    r-x
  00000000    00000000    000000c0   000000c0    r-- .intvecs
  000000c0    000000c0    00000210   00000210    r-x .text
  000002d0    000002d0    00000030   00000030    r-- .rodata
20207e00    20207e00    00000200   00000000    rw-
  20207e00    20207e00    00000200   00000000    rw- .stack


SECTION ALLOCATION MAP

 output                                  attributes/
section   page    origin      length       input sections
--------  ----  ----------  ----------   ----------------
.intvecs   0    00000000    000000c0     
                  00000000    000000c0     startup_mspm0g350x_ticlang.o (.intvecs)

.text      0    000000c0    00000210     
                  000000c0    00000088     dl_dac12.o (.text.DL_DAC12_init)
                  00000148    00000040     ti_msp_dl_config.o (.text.SYSCFG_DL_SYSCTL_init)
                  00000188    00000040     ti_msp_dl_config.o (.text.SYSCFG_DL_initPower)
                  000001c8    0000002c     ti_msp_dl_config.o (.text.SYSCFG_DL_VREF_init)
                  000001f4    00000028     empty.o (.text.main)
                  0000021c    00000024     ti_msp_dl_config.o (.text.SYSCFG_DL_DAC12_init)
                  00000240    00000022     dl_vref.o (.text.DL_VREF_configReference)
                  00000262    00000002     startup_mspm0g350x_ticlang.o (.text.Default_Handler)
                  00000264    00000020     libc.a : boot_cortex_m.c.obj (.text:_c_int00_noinit_noargs)
                  00000284    00000018     ti_msp_dl_config.o (.text.SYSCFG_DL_init)
                  0000029c    00000012     dl_vref.o (.text.DL_VREF_setClockConfig)
                  000002ae    0000000a     dl_common.o (.text.DL_Common_delayCycles)
                  000002b8    00000006     libc.a : exit.c.obj (.text:abort)
                  000002be    00000004     libsysbm.a : hostexit.c.obj (.text.HOSTexit)
                  000002c2    00000004     startup_mspm0g350x_ticlang.o (.text.Reset_Handler)
                  000002c6    00000004     libc.a : pre_init.c.obj (.text._system_pre_init)
                  000002ca    00000002     ti_msp_dl_config.o (.text.SYSCFG_DL_GPIO_init)
                  000002cc    00000004     --HOLE-- [fill = 0]

.cinit     0    00000000    00000000     

.rodata    0    000002d0    00000030     
                  000002d0    00000020     ti_msp_dl_config.o (.rodata.gDAC12Config)
                  000002f0    00000008     ti_msp_dl_config.o (.rodata.gVREFConfig)
                  000002f8    00000002     ti_msp_dl_config.o (.rodata.gVREFClockConfig)
                  000002fa    00000006     --HOLE-- [fill = 0]

.init_array 
*          0    00000000    00000000     UNINITIALIZED

.binit     0    00000000    00000000     

.stack     0    20207e00    00000200     UNINITIALIZED
                  20207e00    00000004     libc.a : boot_cortex_m.c.obj (.stack)
                  20207e04    000001fc     --HOLE--

__llvm_prf_cnts 
*          0    20200000    00000000     UNINITIALIZED

__llvm_prf_bits 
*          0    20200000    00000000     UNINITIALIZED

MODULE SUMMARY

       Module                         code   ro data   rw data
       ------                         ----   -------   -------
    .\
       ti_msp_dl_config.o             234    42        0      
       startup_mspm0g350x_ticlang.o   6      192       0      
       empty.o                        40     0         0      
    +--+------------------------------+------+---------+---------+
       Total:                         280    234       0      
                                                              
    .\ti\driverlib\
       dl_dac12.o                     136    0         0      
       dl_vref.o                      52     0         0      
       dl_common.o                    10     0         0      
    +--+------------------------------+------+---------+---------+
       Total:                         198    0         0      
                                                              
    C:\ti\ccs2031\ccs\tools\compiler\ti-cgt-armllvm_4.0.4.LTS\lib\armv6m-ti-none-eabi/c/libc.a
       boot_cortex_m.c.obj            32     0         0      
       exit.c.obj                     6      0         0      
       pre_init.c.obj                 4      0         0      
    +--+------------------------------+------+---------+---------+
       Total:                         42     0         0      
                                                              
    C:\ti\ccs2031\ccs\tools\compiler\ti-cgt-armllvm_4.0.4.LTS\lib\armv6m-ti-none-eabi/c/libsysbm.a
       hostexit.c.obj                 4      0         0      
    +--+------------------------------+------+---------+---------+
       Total:                         4      0         0      
                                                              
       Stack:                         0      0         512    
    +--+------------------------------+------+---------+---------+
       Grand Total:                   524    234       512    


GLOBAL SYMBOLS: SORTED ALPHABETICALLY BY Name 

address   name                    
-------   ----                    
00000263  ADC0_IRQHandler         
00000263  ADC1_IRQHandler         
00000263  AES_IRQHandler          
000002be  C$$EXIT                 
00000263  CANFD0_IRQHandler       
00000263  DAC0_IRQHandler         
000002af  DL_Common_delayCycles   
000000c1  DL_DAC12_init           
00000241  DL_VREF_configReference 
0000029d  DL_VREF_setClockConfig  
00000263  DMA_IRQHandler          
00000263  Default_Handler         
00000263  GROUP0_IRQHandler       
00000263  GROUP1_IRQHandler       
000002bf  HOSTexit                
00000263  HardFault_Handler       
00000263  I2C0_IRQHandler         
00000263  I2C1_IRQHandler         
00000263  NMI_Handler             
00000263  PendSV_Handler          
00000263  RTC_IRQHandler          
000002c3  Reset_Handler           
00000263  SPI0_IRQHandler         
00000263  SPI1_IRQHandler         
00000263  SVC_Handler             
0000021d  SYSCFG_DL_DAC12_init    
000002cb  SYSCFG_DL_GPIO_init     
00000149  SYSCFG_DL_SYSCTL_init   
000001c9  SYSCFG_DL_VREF_init     
00000285  SYSCFG_DL_init          
00000189  SYSCFG_DL_initPower     
00000263  SysTick_Handler         
00000263  TIMA0_IRQHandler        
00000263  TIMA1_IRQHandler        
00000263  TIMG0_IRQHandler        
00000263  TIMG12_IRQHandler       
00000263  TIMG6_IRQHandler        
00000263  TIMG7_IRQHandler        
00000263  TIMG8_IRQHandler        
00000263  UART0_IRQHandler        
00000263  UART1_IRQHandler        
00000263  UART2_IRQHandler        
00000263  UART3_IRQHandler        
20208000  __STACK_END             
00000200  __STACK_SIZE            
00000000  __TI_ATRegion0_region_sz
00000000  __TI_ATRegion0_src_addr 
00000000  __TI_ATRegion0_trg_addr 
00000000  __TI_ATRegion1_region_sz
00000000  __TI_ATRegion1_src_addr 
00000000  __TI_ATRegion1_trg_addr 
00000000  __TI_ATRegion2_region_sz
00000000  __TI_ATRegion2_src_addr 
00000000  __TI_ATRegion2_trg_addr 
00000000  __TI_CINIT_Base         
00000000  __TI_CINIT_Limit        
00000000  __TI_CINIT_Warm         
ffffffff  __TI_pprof_out_hndl     
ffffffff  __TI_prof_data_size     
ffffffff  __TI_prof_data_start    
00000000  __TI_static_base__      
ffffffff  __binit__               
UNDEFED   __mpu_init              
20207e00  __stack                 
20200000  __start___llvm_prf_bits 
20200000  __start___llvm_prf_cnts 
20200000  __stop___llvm_prf_bits  
20200000  __stop___llvm_prf_cnts  
00000265  _c_int00_noinit_noargs  
000002c7  _system_pre_init        
000002b9  abort                   
ffffffff  binit                   
00000000  interruptVectors        
000001f5  main                    


GLOBAL SYMBOLS: SORTED BY Symbol Address 

address   name                    
-------   ----                    
00000000  __TI_ATRegion0_region_sz
00000000  __TI_ATRegion0_src_addr 
00000000  __TI_ATRegion0_trg_addr 
00000000  __TI_ATRegion1_region_sz
00000000  __TI_ATRegion1_src_addr 
00000000  __TI_ATRegion1_trg_addr 
00000000  __TI_ATRegion2_region_sz
00000000  __TI_ATRegion2_src_addr 
00000000  __TI_ATRegion2_trg_addr 
00000000  __TI_CINIT_Base         
00000000  __TI_CINIT_Limit        
00000000  __TI_CINIT_Warm         
00000000  __TI_static_base__      
00000000  interruptVectors        
000000c1  DL_DAC12_init           
00000149  SYSCFG_DL_SYSCTL_init   
00000189  SYSCFG_DL_initPower     
000001c9  SYSCFG_DL_VREF_init     
000001f5  main                    
00000200  __STACK_SIZE            
0000021d  SYSCFG_DL_DAC12_init    
00000241  DL_VREF_configReference 
00000263  ADC0_IRQHandler         
00000263  ADC1_IRQHandler         
00000263  AES_IRQHandler          
00000263  CANFD0_IRQHandler       
00000263  DAC0_IRQHandler         
00000263  DMA_IRQHandler          
00000263  Default_Handler         
00000263  GROUP0_IRQHandler       
00000263  GROUP1_IRQHandler       
00000263  HardFault_Handler       
00000263  I2C0_IRQHandler         
00000263  I2C1_IRQHandler         
00000263  NMI_Handler             
00000263  PendSV_Handler          
00000263  RTC_IRQHandler          
00000263  SPI0_IRQHandler         
00000263  SPI1_IRQHandler         
00000263  SVC_Handler             
00000263  SysTick_Handler         
00000263  TIMA0_IRQHandler        
00000263  TIMA1_IRQHandler        
00000263  TIMG0_IRQHandler        
00000263  TIMG12_IRQHandler       
00000263  TIMG6_IRQHandler        
00000263  TIMG7_IRQHandler        
00000263  TIMG8_IRQHandler        
00000263  UART0_IRQHandler        
00000263  UART1_IRQHandler        
00000263  UART2_IRQHandler        
00000263  UART3_IRQHandler        
00000265  _c_int00_noinit_noargs  
00000285  SYSCFG_DL_init          
0000029d  DL_VREF_setClockConfig  
000002af  DL_Common_delayCycles   
000002b9  abort                   
000002be  C$$EXIT                 
000002bf  HOSTexit                
000002c3  Reset_Handler           
000002c7  _system_pre_init        
000002cb  SYSCFG_DL_GPIO_init     
20200000  __start___llvm_prf_bits 
20200000  __start___llvm_prf_cnts 
20200000  __stop___llvm_prf_bits  
20200000  __stop___llvm_prf_cnts  
20207e00  __stack                 
20208000  __STACK_END             
ffffffff  __TI_pprof_out_hndl     
ffffffff  __TI_prof_data_size     
ffffffff  __TI_prof_data_start    
ffffffff  __binit__               
ffffffff  binit                   
UNDEFED   __mpu_init              

[74 symbols]
