******************************************************************************
            TI ARM Clang Linker PC v4.0.4                      
******************************************************************************
>> Linked Sat Mar 28 09:46:51 2026

OUTPUT FILE NAME:   <Ethanol_Sensor_ADC_Timer.out>
ENTRY POINT SYMBOL: "_c_int00_noargs"  address: 00000509


MEMORY CONFIGURATION

         name            origin    length      used     unused   attr    fill
----------------------  --------  ---------  --------  --------  ----  --------
  FLASH                 00000000   00020000  00000680  0001f980  R  X
  SRAM                  20200000   00008000  0000030e  00007cf2  RW X
  BCR_CONFIG            41c00000   000000ff  00000000  000000ff  R   
  BSL_CONFIG            41c00100   00000080  00000000  00000080  R   


SEGMENT ALLOCATION MAP

run origin  load origin   length   init length attrs members
----------  ----------- ---------- ----------- ----- -------
00000000    00000000    00000680   00000680    r-x
  00000000    00000000    000000c0   000000c0    r-- .intvecs
  000000c0    000000c0    00000578   00000578    r-x .text
  00000638    00000638    00000018   00000018    r-- .rodata
  00000650    00000650    00000030   00000030    r-- .cinit
20200000    20200000    0000010e   00000000    rw-
  20200000    20200000    0000010c   00000000    rw- .bss
  2020010c    2020010c    00000002   00000000    rw- .data
20207e00    20207e00    00000200   00000000    rw-
  20207e00    20207e00    00000200   00000000    rw- .stack


SECTION ALLOCATION MAP

 output                                  attributes/
section   page    origin      length       input sections
--------  ----  ----------  ----------   ----------------
.intvecs   0    00000000    000000c0     
                  00000000    000000c0     startup_mspm0g350x_ticlang.o (.intvecs)

.text      0    000000c0    00000578     
                  000000c0    00000104     dl_timer.o (.text.DL_Timer_initFourCCPWMMode)
                  000001c4    0000009a     libc.a : memcpy16.S.obj (.text:memcpy)
                  0000025e    00000002     startup_mspm0g350x_ticlang.o (.text.Default_Handler)
                  00000260    0000007c     libc.a : copy_decompress_lzss.c.obj (.text:decompress:lzss)
                  000002dc    00000070     ti_msp_dl_config.o (.text.SYSCFG_DL_ADC12_0_init)
                  0000034c    0000006c     ti_msp_dl_config.o (.text.SYSCFG_DL_PWM_0_init)
                  000003b8    00000050     empty.o (.text.main)
                  00000408    00000044     empty.o (.text.ADC0_IRQHandler)
                  0000044c    00000040     dl_adc12.o (.text.DL_ADC12_setClockConfig)
                  0000048c    00000040     ti_msp_dl_config.o (.text.SYSCFG_DL_initPower)
                  000004cc    0000003c     libc.a : autoinit.c.obj (.text:__TI_auto_init_nobinit_nopinit)
                  00000508    00000028            : boot_cortex_m.c.obj (.text:_c_int00_noargs)
                  00000530    00000024     ti_msp_dl_config.o (.text.SYSCFG_DL_init)
                  00000554    0000001c     dl_timer.o (.text.DL_Timer_setCaptCompUpdateMethod)
                  00000570    0000001c     dl_timer.o (.text.DL_Timer_setClockConfig)
                  0000058c    0000001c     ti_msp_dl_config.o (.text.SYSCFG_DL_SYSCTL_init)
                  000005a8    00000018     dl_timer.o (.text.DL_Timer_setCaptureCompareOutCtl)
                  000005c0    00000018     ti_msp_dl_config.o (.text.SYSCFG_DL_GPIO_init)
                  000005d8    00000016     libc.a : copy_zero_init.c.obj (.text:decompress:ZI:__TI_zero_init_nomemset)
                  000005ee    00000012            : copy_decompress_none.c.obj (.text:decompress:none)
                  00000600    00000010     dl_timer.o (.text.DL_Timer_setCaptureCompareValue)
                  00000610    0000000a     dl_common.o (.text.DL_Common_delayCycles)
                  0000061a    00000002     --HOLE-- [fill = 0]
                  0000061c    00000008     libclang_rt.builtins.a : aeabi_memcpy.S.obj (.text.__aeabi_memcpy)
                  00000624    00000006     libc.a : exit.c.obj (.text:abort)
                  0000062a    00000004     libsysbm.a : hostexit.c.obj (.text.HOSTexit)
                  0000062e    00000004     startup_mspm0g350x_ticlang.o (.text.Reset_Handler)
                  00000632    00000004     libc.a : pre_init.c.obj (.text._system_pre_init)
                  00000636    00000002     --HOLE-- [fill = 0]

.cinit     0    00000650    00000030     
                  00000650    0000000c     (__TI_handler_table)
                  0000065c    00000008     (.cinit..bss.load) [load image, compression = zero_init]
                  00000664    00000006     (.cinit..data.load) [load image, compression = lzss]
                  0000066a    00000002     --HOLE-- [fill = 0]
                  0000066c    00000010     (__TI_cinit_table)
                  0000067c    00000004     --HOLE-- [fill = 0]

.rodata    0    00000638    00000018     
                  00000638    00000008     ti_msp_dl_config.o (.rodata.gADC12_0ClockConfig)
                  00000640    00000008     ti_msp_dl_config.o (.rodata.gPWM_0Config)
                  00000648    00000003     ti_msp_dl_config.o (.rodata.gPWM_0ClockConfig)
                  0000064b    00000005     --HOLE-- [fill = 0]

.init_array 
*          0    00000000    00000000     UNINITIALIZED

.binit     0    00000000    00000000     

.bss       0    20200000    0000010c     UNINITIALIZED
                  20200000    000000bc     (.common:gPWM_0Backup)
                  202000bc    00000050     (.common:adcBuffer)

.data      0    2020010c    00000002     UNINITIALIZED
                  2020010c    00000001     empty.o (.data.bufferReady)
                  2020010d    00000001     empty.o (.data.sampleIndex)

.stack     0    20207e00    00000200     UNINITIALIZED
                  20207e00    00000004     libc.a : boot_cortex_m.c.obj (.stack)
                  20207e04    000001fc     --HOLE--

__llvm_prf_cnts 
*          0    20200000    00000000     UNINITIALIZED

__llvm_prf_bits 
*          0    20200000    00000000     UNINITIALIZED

MODULE SUMMARY

       Module                         code   ro data   rw data
       ------                         ----   -------   -------
    .\
       ti_msp_dl_config.o             372    19        188    
       empty.o                        148    0         82     
       startup_mspm0g350x_ticlang.o   6      192       0      
    +--+------------------------------+------+---------+---------+
       Total:                         526    211       270    
                                                              
    .\ti\driverlib\
       dl_timer.o                     356    0         0      
       dl_adc12.o                     64     0         0      
       dl_common.o                    10     0         0      
    +--+------------------------------+------+---------+---------+
       Total:                         430    0         0      
                                                              
    C:\ti\ccs2041\ccs\tools\compiler\ti-cgt-armllvm_4.0.4.LTS\lib\armv6m-ti-none-eabi/c/libc.a
       memcpy16.S.obj                 154    0         0      
       copy_decompress_lzss.c.obj     124    0         0      
       autoinit.c.obj                 60     0         0      
       boot_cortex_m.c.obj            40     0         0      
       copy_zero_init.c.obj           22     0         0      
       copy_decompress_none.c.obj     18     0         0      
       exit.c.obj                     6      0         0      
       pre_init.c.obj                 4      0         0      
    +--+------------------------------+------+---------+---------+
       Total:                         428    0         0      
                                                              
    C:\ti\ccs2041\ccs\tools\compiler\ti-cgt-armllvm_4.0.4.LTS\lib\armv6m-ti-none-eabi/c/libsysbm.a
       hostexit.c.obj                 4      0         0      
    +--+------------------------------+------+---------+---------+
       Total:                         4      0         0      
                                                              
    C:\ti\ccs2041\ccs\tools\compiler\ti-cgt-armllvm_4.0.4.LTS\lib\armv6m-ti-none-eabi/libclang_rt.builtins.a
       aeabi_memcpy.S.obj             8      0         0      
    +--+------------------------------+------+---------+---------+
       Total:                         8      0         0      
                                                              
       Stack:                         0      0         512    
       Linker Generated:              0      42        0      
    +--+------------------------------+------+---------+---------+
       Grand Total:                   1396   253       782    


LINKER GENERATED COPY TABLES

__TI_cinit_table @ 0000066c records: 2, size/record: 8, table size: 16
	.bss: load addr=0000065c, load size=00000008 bytes, run addr=20200000, run size=0000010c bytes, compression=zero_init
	.data: load addr=00000664, load size=00000006 bytes, run addr=2020010c, run size=00000002 bytes, compression=lzss


LINKER GENERATED HANDLER TABLE

__TI_handler_table @ 00000650 records: 3, size/record: 4, table size: 12
	index: 0, handler: __TI_decompress_lzss
	index: 1, handler: __TI_decompress_none
	index: 2, handler: __TI_zero_init


GLOBAL SYMBOLS: SORTED ALPHABETICALLY BY Name 

address   name                            
-------   ----                            
00000409  ADC0_IRQHandler                 
0000025f  ADC1_IRQHandler                 
0000025f  AES_IRQHandler                  
0000062a  C$$EXIT                         
0000025f  CANFD0_IRQHandler               
0000025f  DAC0_IRQHandler                 
0000044d  DL_ADC12_setClockConfig         
00000611  DL_Common_delayCycles           
000000c1  DL_Timer_initFourCCPWMMode      
00000555  DL_Timer_setCaptCompUpdateMethod
000005a9  DL_Timer_setCaptureCompareOutCtl
00000601  DL_Timer_setCaptureCompareValue 
00000571  DL_Timer_setClockConfig         
0000025f  DMA_IRQHandler                  
0000025f  Default_Handler                 
0000025f  GROUP0_IRQHandler               
0000025f  GROUP1_IRQHandler               
0000062b  HOSTexit                        
0000025f  HardFault_Handler               
0000025f  I2C0_IRQHandler                 
0000025f  I2C1_IRQHandler                 
0000025f  NMI_Handler                     
0000025f  PendSV_Handler                  
0000025f  RTC_IRQHandler                  
0000062f  Reset_Handler                   
0000025f  SPI0_IRQHandler                 
0000025f  SPI1_IRQHandler                 
0000025f  SVC_Handler                     
000002dd  SYSCFG_DL_ADC12_0_init          
000005c1  SYSCFG_DL_GPIO_init             
0000034d  SYSCFG_DL_PWM_0_init            
0000058d  SYSCFG_DL_SYSCTL_init           
00000531  SYSCFG_DL_init                  
0000048d  SYSCFG_DL_initPower             
0000025f  SysTick_Handler                 
0000025f  TIMA0_IRQHandler                
0000025f  TIMA1_IRQHandler                
0000025f  TIMG0_IRQHandler                
0000025f  TIMG12_IRQHandler               
0000025f  TIMG6_IRQHandler                
0000025f  TIMG7_IRQHandler                
0000025f  TIMG8_IRQHandler                
0000025f  UART0_IRQHandler                
0000025f  UART1_IRQHandler                
0000025f  UART2_IRQHandler                
0000025f  UART3_IRQHandler                
20208000  __STACK_END                     
00000200  __STACK_SIZE                    
00000000  __TI_ATRegion0_region_sz        
00000000  __TI_ATRegion0_src_addr         
00000000  __TI_ATRegion0_trg_addr         
00000000  __TI_ATRegion1_region_sz        
00000000  __TI_ATRegion1_src_addr         
00000000  __TI_ATRegion1_trg_addr         
00000000  __TI_ATRegion2_region_sz        
00000000  __TI_ATRegion2_src_addr         
00000000  __TI_ATRegion2_trg_addr         
0000066c  __TI_CINIT_Base                 
0000067c  __TI_CINIT_Limit                
0000067c  __TI_CINIT_Warm                 
00000650  __TI_Handler_Table_Base         
0000065c  __TI_Handler_Table_Limit        
000004cd  __TI_auto_init_nobinit_nopinit  
00000261  __TI_decompress_lzss            
000005ef  __TI_decompress_none            
ffffffff  __TI_pprof_out_hndl             
ffffffff  __TI_prof_data_size             
ffffffff  __TI_prof_data_start            
00000000  __TI_static_base__              
000005d9  __TI_zero_init_nomemset         
0000061d  __aeabi_memcpy                  
0000061d  __aeabi_memcpy4                 
0000061d  __aeabi_memcpy8                 
ffffffff  __binit__                       
UNDEFED   __mpu_init                      
20207e00  __stack                         
20200000  __start___llvm_prf_bits         
20200000  __start___llvm_prf_cnts         
20200000  __stop___llvm_prf_bits          
20200000  __stop___llvm_prf_cnts          
00000509  _c_int00_noargs                 
UNDEFED   _system_post_cinit              
00000633  _system_pre_init                
00000625  abort                           
202000bc  adcBuffer                       
ffffffff  binit                           
2020010c  bufferReady                     
20200000  gPWM_0Backup                    
00000000  interruptVectors                
000003b9  main                            
000001c5  memcpy                          
2020010d  sampleIndex                     


GLOBAL SYMBOLS: SORTED BY Symbol Address 

address   name                            
-------   ----                            
00000000  __TI_ATRegion0_region_sz        
00000000  __TI_ATRegion0_src_addr         
00000000  __TI_ATRegion0_trg_addr         
00000000  __TI_ATRegion1_region_sz        
00000000  __TI_ATRegion1_src_addr         
00000000  __TI_ATRegion1_trg_addr         
00000000  __TI_ATRegion2_region_sz        
00000000  __TI_ATRegion2_src_addr         
00000000  __TI_ATRegion2_trg_addr         
00000000  __TI_static_base__              
00000000  interruptVectors                
000000c1  DL_Timer_initFourCCPWMMode      
000001c5  memcpy                          
00000200  __STACK_SIZE                    
0000025f  ADC1_IRQHandler                 
0000025f  AES_IRQHandler                  
0000025f  CANFD0_IRQHandler               
0000025f  DAC0_IRQHandler                 
0000025f  DMA_IRQHandler                  
0000025f  Default_Handler                 
0000025f  GROUP0_IRQHandler               
0000025f  GROUP1_IRQHandler               
0000025f  HardFault_Handler               
0000025f  I2C0_IRQHandler                 
0000025f  I2C1_IRQHandler                 
0000025f  NMI_Handler                     
0000025f  PendSV_Handler                  
0000025f  RTC_IRQHandler                  
0000025f  SPI0_IRQHandler                 
0000025f  SPI1_IRQHandler                 
0000025f  SVC_Handler                     
0000025f  SysTick_Handler                 
0000025f  TIMA0_IRQHandler                
0000025f  TIMA1_IRQHandler                
0000025f  TIMG0_IRQHandler                
0000025f  TIMG12_IRQHandler               
0000025f  TIMG6_IRQHandler                
0000025f  TIMG7_IRQHandler                
0000025f  TIMG8_IRQHandler                
0000025f  UART0_IRQHandler                
0000025f  UART1_IRQHandler                
0000025f  UART2_IRQHandler                
0000025f  UART3_IRQHandler                
00000261  __TI_decompress_lzss            
000002dd  SYSCFG_DL_ADC12_0_init          
0000034d  SYSCFG_DL_PWM_0_init            
000003b9  main                            
00000409  ADC0_IRQHandler                 
0000044d  DL_ADC12_setClockConfig         
0000048d  SYSCFG_DL_initPower             
000004cd  __TI_auto_init_nobinit_nopinit  
00000509  _c_int00_noargs                 
00000531  SYSCFG_DL_init                  
00000555  DL_Timer_setCaptCompUpdateMethod
00000571  DL_Timer_setClockConfig         
0000058d  SYSCFG_DL_SYSCTL_init           
000005a9  DL_Timer_setCaptureCompareOutCtl
000005c1  SYSCFG_DL_GPIO_init             
000005d9  __TI_zero_init_nomemset         
000005ef  __TI_decompress_none            
00000601  DL_Timer_setCaptureCompareValue 
00000611  DL_Common_delayCycles           
0000061d  __aeabi_memcpy                  
0000061d  __aeabi_memcpy4                 
0000061d  __aeabi_memcpy8                 
00000625  abort                           
0000062a  C$$EXIT                         
0000062b  HOSTexit                        
0000062f  Reset_Handler                   
00000633  _system_pre_init                
00000650  __TI_Handler_Table_Base         
0000065c  __TI_Handler_Table_Limit        
0000066c  __TI_CINIT_Base                 
0000067c  __TI_CINIT_Limit                
0000067c  __TI_CINIT_Warm                 
20200000  __start___llvm_prf_bits         
20200000  __start___llvm_prf_cnts         
20200000  __stop___llvm_prf_bits          
20200000  __stop___llvm_prf_cnts          
20200000  gPWM_0Backup                    
202000bc  adcBuffer                       
2020010c  bufferReady                     
2020010d  sampleIndex                     
20207e00  __stack                         
20208000  __STACK_END                     
ffffffff  __TI_pprof_out_hndl             
ffffffff  __TI_prof_data_size             
ffffffff  __TI_prof_data_start            
ffffffff  __binit__                       
ffffffff  binit                           
UNDEFED   __mpu_init                      
UNDEFED   _system_post_cinit              

[92 symbols]
