******************************************************************************
            TI ARM Clang Linker PC v4.0.4                      
******************************************************************************
>> Linked Sat Mar 21 13:38:43 2026

OUTPUT FILE NAME:   <Ethanol_Sensor.out>
ENTRY POINT SYMBOL: "_c_int00_noargs"  address: 00000505


MEMORY CONFIGURATION

         name            origin    length      used     unused   attr    fill
----------------------  --------  ---------  --------  --------  ----  --------
  FLASH                 00000000   00020000  00000670  0001f990  R  X
  SRAM                  20200000   00008000  000002bf  00007d41  RW X
  BCR_CONFIG            41c00000   000000ff  00000000  000000ff  R   
  BSL_CONFIG            41c00100   00000080  00000000  00000080  R   


SEGMENT ALLOCATION MAP

run origin  load origin   length   init length attrs members
----------  ----------- ---------- ----------- ----- -------
00000000    00000000    00000670   00000670    r-x
  00000000    00000000    000000c0   000000c0    r-- .intvecs
  000000c0    000000c0    00000558   00000558    r-x .text
  00000618    00000618    00000040   00000040    r-- .rodata
  00000658    00000658    00000018   00000018    r-- .cinit
20200000    20200000    000000bf   00000000    rw-
  20200000    20200000    000000bf   00000000    rw- .bss
20207e00    20207e00    00000200   00000000    rw-
  20207e00    20207e00    00000200   00000000    rw- .stack


SECTION ALLOCATION MAP

 output                                  attributes/
section   page    origin      length       input sections
--------  ----  ----------  ----------   ----------------
.intvecs   0    00000000    000000c0     
                  00000000    000000c0     startup_mspm0g350x_ticlang.o (.intvecs)

.text      0    000000c0    00000558     
                  000000c0    00000104     dl_timer.o (.text.DL_Timer_initFourCCPWMMode)
                  000001c4    000000dc     dl_sysctl_mspm0g1x0x_g3x0x.o (.text.DL_SYSCTL_configSYSPLL)
                  000002a0    00000068     ti_msp_dl_config.o (.text.SYSCFG_DL_PWM_0_init)
                  00000308    00000068     empty.o (.text.main)
                  00000370    0000004c     ti_msp_dl_config.o (.text.SYSCFG_DL_SYSCTL_init)
                  000003bc    00000048     ti_msp_dl_config.o (.text.SYSCFG_DL_ADC12_0_init)
                  00000404    00000044     dl_sysctl_mspm0g1x0x_g3x0x.o (.text.DL_SYSCTL_switchMCLKfromSYSOSCtoHSCLK)
                  00000448    00000040     dl_adc12.o (.text.DL_ADC12_setClockConfig)
                  00000488    00000040     ti_msp_dl_config.o (.text.SYSCFG_DL_initPower)
                  000004c8    0000003c     libc.a : autoinit.c.obj (.text:__TI_auto_init_nobinit_nopinit)
                  00000504    00000028            : boot_cortex_m.c.obj (.text:_c_int00_noargs)
                  0000052c    00000024     ti_msp_dl_config.o (.text.SYSCFG_DL_init)
                  00000550    0000001c     empty.o (.text.ADC0_IRQHandler)
                  0000056c    0000001c     dl_timer.o (.text.DL_Timer_setCaptCompUpdateMethod)
                  00000588    0000001c     dl_timer.o (.text.DL_Timer_setClockConfig)
                  000005a4    00000018     dl_timer.o (.text.DL_Timer_setCaptureCompareOutCtl)
                  000005bc    00000018     ti_msp_dl_config.o (.text.SYSCFG_DL_GPIO_init)
                  000005d4    00000016     libc.a : copy_zero_init.c.obj (.text:decompress:ZI:__TI_zero_init_nomemset)
                  000005ea    00000002     startup_mspm0g350x_ticlang.o (.text.Default_Handler)
                  000005ec    00000010     dl_timer.o (.text.DL_Timer_setCaptureCompareValue)
                  000005fc    0000000a     dl_common.o (.text.DL_Common_delayCycles)
                  00000606    00000006     libc.a : exit.c.obj (.text:abort)
                  0000060c    00000004     libsysbm.a : hostexit.c.obj (.text.HOSTexit)
                  00000610    00000004     startup_mspm0g350x_ticlang.o (.text.Reset_Handler)
                  00000614    00000004     libc.a : pre_init.c.obj (.text._system_pre_init)

.cinit     0    00000658    00000018     
                  00000658    00000008     (.cinit..bss.load) [load image, compression = zero_init]
                  00000660    00000004     (__TI_handler_table)
                  00000664    00000008     (__TI_cinit_table)
                  0000066c    00000004     --HOLE-- [fill = 0]

.rodata    0    00000618    00000040     
                  00000618    00000028     ti_msp_dl_config.o (.rodata.gSYSPLLConfig)
                  00000640    00000008     ti_msp_dl_config.o (.rodata.gADC12_0ClockConfig)
                  00000648    00000008     ti_msp_dl_config.o (.rodata.gPWM_0Config)
                  00000650    00000003     ti_msp_dl_config.o (.rodata.gPWM_0ClockConfig)
                  00000653    00000005     --HOLE-- [fill = 0]

.init_array 
*          0    00000000    00000000     UNINITIALIZED

.binit     0    00000000    00000000     

.bss       0    20200000    000000bf     UNINITIALIZED
                  20200000    000000bc     (.common:gPWM_0Backup)
                  202000bc    00000002     (.common:gAdcResult)
                  202000be    00000001     (.common:gCheckADC)

.stack     0    20207e00    00000200     UNINITIALIZED
                  20207e00    00000004     libc.a : boot_cortex_m.c.obj (.stack)
                  20207e04    000001fc     --HOLE--

__llvm_prf_cnts 
*          0    20200000    00000000     UNINITIALIZED

__llvm_prf_bits 
*          0    20200000    00000000     UNINITIALIZED

MODULE SUMMARY

       Module                         code   ro data   rw data
       ------                         ----   -------   -------
    .\
       ti_msp_dl_config.o             376    59        188    
       startup_mspm0g350x_ticlang.o   6      192       0      
       empty.o                        132    0         3      
    +--+------------------------------+------+---------+---------+
       Total:                         514    251       191    
                                                              
    .\ti\driverlib\
       dl_timer.o                     356    0         0      
       dl_adc12.o                     64     0         0      
       dl_common.o                    10     0         0      
    +--+------------------------------+------+---------+---------+
       Total:                         430    0         0      
                                                              
    .\ti\driverlib\m0p\sysctl\
       dl_sysctl_mspm0g1x0x_g3x0x.o   288    0         0      
    +--+------------------------------+------+---------+---------+
       Total:                         288    0         0      
                                                              
    C:\ti\ccs2041\ccs\tools\compiler\ti-cgt-armllvm_4.0.4.LTS\lib\armv6m-ti-none-eabi/c/libc.a
       autoinit.c.obj                 60     0         0      
       boot_cortex_m.c.obj            40     0         0      
       copy_zero_init.c.obj           22     0         0      
       exit.c.obj                     6      0         0      
       pre_init.c.obj                 4      0         0      
    +--+------------------------------+------+---------+---------+
       Total:                         132    0         0      
                                                              
    C:\ti\ccs2041\ccs\tools\compiler\ti-cgt-armllvm_4.0.4.LTS\lib\armv6m-ti-none-eabi/c/libsysbm.a
       hostexit.c.obj                 4      0         0      
    +--+------------------------------+------+---------+---------+
       Total:                         4      0         0      
                                                              
       Stack:                         0      0         512    
       Linker Generated:              0      20        0      
    +--+------------------------------+------+---------+---------+
       Grand Total:                   1368   271       703    


LINKER GENERATED COPY TABLES

__TI_cinit_table @ 00000664 records: 1, size/record: 8, table size: 8
	.bss: load addr=00000658, load size=00000008 bytes, run addr=20200000, run size=000000bf bytes, compression=zero_init


LINKER GENERATED HANDLER TABLE

__TI_handler_table @ 00000660 records: 1, size/record: 4, table size: 4
	index: 0, handler: __TI_zero_init


GLOBAL SYMBOLS: SORTED ALPHABETICALLY BY Name 

address   name                                 
-------   ----                                 
00000551  ADC0_IRQHandler                      
000005eb  ADC1_IRQHandler                      
000005eb  AES_IRQHandler                       
0000060c  C$$EXIT                              
000005eb  CANFD0_IRQHandler                    
000005eb  DAC0_IRQHandler                      
00000449  DL_ADC12_setClockConfig              
000005fd  DL_Common_delayCycles                
000001c5  DL_SYSCTL_configSYSPLL               
00000405  DL_SYSCTL_switchMCLKfromSYSOSCtoHSCLK
000000c1  DL_Timer_initFourCCPWMMode           
0000056d  DL_Timer_setCaptCompUpdateMethod     
000005a5  DL_Timer_setCaptureCompareOutCtl     
000005ed  DL_Timer_setCaptureCompareValue      
00000589  DL_Timer_setClockConfig              
000005eb  DMA_IRQHandler                       
000005eb  Default_Handler                      
000005eb  GROUP0_IRQHandler                    
000005eb  GROUP1_IRQHandler                    
0000060d  HOSTexit                             
000005eb  HardFault_Handler                    
000005eb  I2C0_IRQHandler                      
000005eb  I2C1_IRQHandler                      
000005eb  NMI_Handler                          
000005eb  PendSV_Handler                       
000005eb  RTC_IRQHandler                       
00000611  Reset_Handler                        
000005eb  SPI0_IRQHandler                      
000005eb  SPI1_IRQHandler                      
000005eb  SVC_Handler                          
000003bd  SYSCFG_DL_ADC12_0_init               
000005bd  SYSCFG_DL_GPIO_init                  
000002a1  SYSCFG_DL_PWM_0_init                 
00000371  SYSCFG_DL_SYSCTL_init                
0000052d  SYSCFG_DL_init                       
00000489  SYSCFG_DL_initPower                  
000005eb  SysTick_Handler                      
000005eb  TIMA0_IRQHandler                     
000005eb  TIMA1_IRQHandler                     
000005eb  TIMG0_IRQHandler                     
000005eb  TIMG12_IRQHandler                    
000005eb  TIMG6_IRQHandler                     
000005eb  TIMG7_IRQHandler                     
000005eb  TIMG8_IRQHandler                     
000005eb  UART0_IRQHandler                     
000005eb  UART1_IRQHandler                     
000005eb  UART2_IRQHandler                     
000005eb  UART3_IRQHandler                     
20208000  __STACK_END                          
00000200  __STACK_SIZE                         
00000000  __TI_ATRegion0_region_sz             
00000000  __TI_ATRegion0_src_addr              
00000000  __TI_ATRegion0_trg_addr              
00000000  __TI_ATRegion1_region_sz             
00000000  __TI_ATRegion1_src_addr              
00000000  __TI_ATRegion1_trg_addr              
00000000  __TI_ATRegion2_region_sz             
00000000  __TI_ATRegion2_src_addr              
00000000  __TI_ATRegion2_trg_addr              
00000664  __TI_CINIT_Base                      
0000066c  __TI_CINIT_Limit                     
0000066c  __TI_CINIT_Warm                      
00000660  __TI_Handler_Table_Base              
00000664  __TI_Handler_Table_Limit             
000004c9  __TI_auto_init_nobinit_nopinit       
ffffffff  __TI_pprof_out_hndl                  
ffffffff  __TI_prof_data_size                  
ffffffff  __TI_prof_data_start                 
00000000  __TI_static_base__                   
000005d5  __TI_zero_init_nomemset              
ffffffff  __binit__                            
UNDEFED   __mpu_init                           
20207e00  __stack                              
20200000  __start___llvm_prf_bits              
20200000  __start___llvm_prf_cnts              
20200000  __stop___llvm_prf_bits               
20200000  __stop___llvm_prf_cnts               
00000505  _c_int00_noargs                      
UNDEFED   _system_post_cinit                   
00000615  _system_pre_init                     
00000607  abort                                
ffffffff  binit                                
202000bc  gAdcResult                           
202000be  gCheckADC                            
20200000  gPWM_0Backup                         
00000000  interruptVectors                     
00000309  main                                 


GLOBAL SYMBOLS: SORTED BY Symbol Address 

address   name                                 
-------   ----                                 
00000000  __TI_ATRegion0_region_sz             
00000000  __TI_ATRegion0_src_addr              
00000000  __TI_ATRegion0_trg_addr              
00000000  __TI_ATRegion1_region_sz             
00000000  __TI_ATRegion1_src_addr              
00000000  __TI_ATRegion1_trg_addr              
00000000  __TI_ATRegion2_region_sz             
00000000  __TI_ATRegion2_src_addr              
00000000  __TI_ATRegion2_trg_addr              
00000000  __TI_static_base__                   
00000000  interruptVectors                     
000000c1  DL_Timer_initFourCCPWMMode           
000001c5  DL_SYSCTL_configSYSPLL               
00000200  __STACK_SIZE                         
000002a1  SYSCFG_DL_PWM_0_init                 
00000309  main                                 
00000371  SYSCFG_DL_SYSCTL_init                
000003bd  SYSCFG_DL_ADC12_0_init               
00000405  DL_SYSCTL_switchMCLKfromSYSOSCtoHSCLK
00000449  DL_ADC12_setClockConfig              
00000489  SYSCFG_DL_initPower                  
000004c9  __TI_auto_init_nobinit_nopinit       
00000505  _c_int00_noargs                      
0000052d  SYSCFG_DL_init                       
00000551  ADC0_IRQHandler                      
0000056d  DL_Timer_setCaptCompUpdateMethod     
00000589  DL_Timer_setClockConfig              
000005a5  DL_Timer_setCaptureCompareOutCtl     
000005bd  SYSCFG_DL_GPIO_init                  
000005d5  __TI_zero_init_nomemset              
000005eb  ADC1_IRQHandler                      
000005eb  AES_IRQHandler                       
000005eb  CANFD0_IRQHandler                    
000005eb  DAC0_IRQHandler                      
000005eb  DMA_IRQHandler                       
000005eb  Default_Handler                      
000005eb  GROUP0_IRQHandler                    
000005eb  GROUP1_IRQHandler                    
000005eb  HardFault_Handler                    
000005eb  I2C0_IRQHandler                      
000005eb  I2C1_IRQHandler                      
000005eb  NMI_Handler                          
000005eb  PendSV_Handler                       
000005eb  RTC_IRQHandler                       
000005eb  SPI0_IRQHandler                      
000005eb  SPI1_IRQHandler                      
000005eb  SVC_Handler                          
000005eb  SysTick_Handler                      
000005eb  TIMA0_IRQHandler                     
000005eb  TIMA1_IRQHandler                     
000005eb  TIMG0_IRQHandler                     
000005eb  TIMG12_IRQHandler                    
000005eb  TIMG6_IRQHandler                     
000005eb  TIMG7_IRQHandler                     
000005eb  TIMG8_IRQHandler                     
000005eb  UART0_IRQHandler                     
000005eb  UART1_IRQHandler                     
000005eb  UART2_IRQHandler                     
000005eb  UART3_IRQHandler                     
000005ed  DL_Timer_setCaptureCompareValue      
000005fd  DL_Common_delayCycles                
00000607  abort                                
0000060c  C$$EXIT                              
0000060d  HOSTexit                             
00000611  Reset_Handler                        
00000615  _system_pre_init                     
00000660  __TI_Handler_Table_Base              
00000664  __TI_CINIT_Base                      
00000664  __TI_Handler_Table_Limit             
0000066c  __TI_CINIT_Limit                     
0000066c  __TI_CINIT_Warm                      
20200000  __start___llvm_prf_bits              
20200000  __start___llvm_prf_cnts              
20200000  __stop___llvm_prf_bits               
20200000  __stop___llvm_prf_cnts               
20200000  gPWM_0Backup                         
202000bc  gAdcResult                           
202000be  gCheckADC                            
20207e00  __stack                              
20208000  __STACK_END                          
ffffffff  __TI_pprof_out_hndl                  
ffffffff  __TI_prof_data_size                  
ffffffff  __TI_prof_data_start                 
ffffffff  __binit__                            
ffffffff  binit                                
UNDEFED   __mpu_init                           
UNDEFED   _system_post_cinit                   

[87 symbols]
