******************************************************************************
            TI ARM Clang Linker PC v4.0.4                      
******************************************************************************
>> Linked Thu Nov 13 14:55:24 2025

OUTPUT FILE NAME:   <ADC.out>
ENTRY POINT SYMBOL: "_c_int00_noargs"  address: 00000251


MEMORY CONFIGURATION

         name            origin    length      used     unused   attr    fill
----------------------  --------  ---------  --------  --------  ----  --------
  FLASH                 00000000   00020000  00000300  0001fd00  R  X
  SRAM                  20200000   00008000  00000203  00007dfd  RW X
  BCR_CONFIG            41c00000   000000ff  00000000  000000ff  R   
  BSL_CONFIG            41c00100   00000080  00000000  00000080  R   


SEGMENT ALLOCATION MAP

run origin  load origin   length   init length attrs members
----------  ----------- ---------- ----------- ----- -------
00000000    00000000    00000300   00000300    r-x
  00000000    00000000    000000c0   000000c0    r-- .intvecs
  000000c0    000000c0    00000220   00000220    r-x .text
  000002e0    000002e0    00000008   00000008    r-- .rodata
  000002e8    000002e8    00000018   00000018    r-- .cinit
20200000    20200000    00000003   00000000    rw-
  20200000    20200000    00000003   00000000    rw- .bss
20207e00    20207e00    00000200   00000000    rw-
  20207e00    20207e00    00000200   00000000    rw- .stack


SECTION ALLOCATION MAP

 output                                  attributes/
section   page    origin      length       input sections
--------  ----  ----------  ----------   ----------------
.intvecs   0    00000000    000000c0     
                  00000000    000000c0     startup_mspm0g350x_ticlang.o (.intvecs)

.text      0    000000c0    00000220     
                  000000c0    0000005c     empty.o (.text.main)
                  0000011c    00000054     ti_msp_dl_config.o (.text.SYSCFG_DL_ADC12_0_init)
                  00000170    00000040     dl_adc12.o (.text.DL_ADC12_setClockConfig)
                  000001b0    0000003c     libc.a : autoinit.c.obj (.text:__TI_auto_init_nobinit_nopinit)
                  000001ec    00000034     ti_msp_dl_config.o (.text.SYSCFG_DL_initPower)
                  00000220    00000030     ti_msp_dl_config.o (.text.SYSCFG_DL_SYSCTL_init)
                  00000250    00000028     libc.a : boot_cortex_m.c.obj (.text:_c_int00_noargs)
                  00000278    0000001c     empty.o (.text.ADC0_IRQHandler)
                  00000294    00000016     libc.a : copy_zero_init.c.obj (.text:decompress:ZI:__TI_zero_init_nomemset)
                  000002aa    00000014     ti_msp_dl_config.o (.text.SYSCFG_DL_init)
                  000002be    0000000a     dl_common.o (.text.DL_Common_delayCycles)
                  000002c8    00000006     libc.a : exit.c.obj (.text:abort)
                  000002ce    00000004     libsysbm.a : hostexit.c.obj (.text.HOSTexit)
                  000002d2    00000004     startup_mspm0g350x_ticlang.o (.text.Reset_Handler)
                  000002d6    00000004     libc.a : pre_init.c.obj (.text._system_pre_init)
                  000002da    00000002     startup_mspm0g350x_ticlang.o (.text.Default_Handler)
                  000002dc    00000002     ti_msp_dl_config.o (.text.SYSCFG_DL_GPIO_init)
                  000002de    00000002     --HOLE-- [fill = 0]

.cinit     0    000002e8    00000018     
                  000002e8    00000008     (.cinit..bss.load) [load image, compression = zero_init]
                  000002f0    00000004     (__TI_handler_table)
                  000002f4    00000008     (__TI_cinit_table)
                  000002fc    00000004     --HOLE-- [fill = 0]

.rodata    0    000002e0    00000008     
                  000002e0    00000008     ti_msp_dl_config.o (.rodata.gADC12_0ClockConfig)

.init_array 
*          0    00000000    00000000     UNINITIALIZED

.binit     0    00000000    00000000     

.bss       0    20200000    00000003     UNINITIALIZED
                  20200000    00000002     (.common:gAdcResult)
                  20200002    00000001     (.common:gCheckADC)

.stack     0    20207e00    00000200     UNINITIALIZED
                  20207e00    00000004     libc.a : boot_cortex_m.c.obj (.stack)
                  20207e04    000001fc     --HOLE--

__llvm_prf_cnts 
*          0    20200000    00000000     UNINITIALIZED

__llvm_prf_bits 
*          0    20200000    00000000     UNINITIALIZED

MODULE SUMMARY

       Module                         code   ro data   rw data
       ------                         ----   -------   -------
    .\
       ti_msp_dl_config.o             206    8         0      
       startup_mspm0g350x_ticlang.o   6      192       0      
       empty.o                        120    0         3      
    +--+------------------------------+------+---------+---------+
       Total:                         332    200       3      
                                                              
    .\ti\driverlib\
       dl_adc12.o                     64     0         0      
       dl_common.o                    10     0         0      
    +--+------------------------------+------+---------+---------+
       Total:                         74     0         0      
                                                              
    C:\ti\ccs2031\ccs\tools\compiler\ti-cgt-armllvm_4.0.4.LTS\lib\armv6m-ti-none-eabi/c/libc.a
       autoinit.c.obj                 60     0         0      
       boot_cortex_m.c.obj            40     0         0      
       copy_zero_init.c.obj           22     0         0      
       exit.c.obj                     6      0         0      
       pre_init.c.obj                 4      0         0      
    +--+------------------------------+------+---------+---------+
       Total:                         132    0         0      
                                                              
    C:\ti\ccs2031\ccs\tools\compiler\ti-cgt-armllvm_4.0.4.LTS\lib\armv6m-ti-none-eabi/c/libsysbm.a
       hostexit.c.obj                 4      0         0      
    +--+------------------------------+------+---------+---------+
       Total:                         4      0         0      
                                                              
       Stack:                         0      0         512    
       Linker Generated:              0      20        0      
    +--+------------------------------+------+---------+---------+
       Grand Total:                   542    220       515    


LINKER GENERATED COPY TABLES

__TI_cinit_table @ 000002f4 records: 1, size/record: 8, table size: 8
	.bss: load addr=000002e8, load size=00000008 bytes, run addr=20200000, run size=00000003 bytes, compression=zero_init


LINKER GENERATED HANDLER TABLE

__TI_handler_table @ 000002f0 records: 1, size/record: 4, table size: 4
	index: 0, handler: __TI_zero_init


GLOBAL SYMBOLS: SORTED ALPHABETICALLY BY Name 

address   name                          
-------   ----                          
00000279  ADC0_IRQHandler               
000002db  ADC1_IRQHandler               
000002db  AES_IRQHandler                
000002ce  C$$EXIT                       
000002db  CANFD0_IRQHandler             
000002db  DAC0_IRQHandler               
00000171  DL_ADC12_setClockConfig       
000002bf  DL_Common_delayCycles         
000002db  DMA_IRQHandler                
000002db  Default_Handler               
000002db  GROUP0_IRQHandler             
000002db  GROUP1_IRQHandler             
000002cf  HOSTexit                      
000002db  HardFault_Handler             
000002db  I2C0_IRQHandler               
000002db  I2C1_IRQHandler               
000002db  NMI_Handler                   
000002db  PendSV_Handler                
000002db  RTC_IRQHandler                
000002d3  Reset_Handler                 
000002db  SPI0_IRQHandler               
000002db  SPI1_IRQHandler               
000002db  SVC_Handler                   
0000011d  SYSCFG_DL_ADC12_0_init        
000002dd  SYSCFG_DL_GPIO_init           
00000221  SYSCFG_DL_SYSCTL_init         
000002ab  SYSCFG_DL_init                
000001ed  SYSCFG_DL_initPower           
000002db  SysTick_Handler               
000002db  TIMA0_IRQHandler              
000002db  TIMA1_IRQHandler              
000002db  TIMG0_IRQHandler              
000002db  TIMG12_IRQHandler             
000002db  TIMG6_IRQHandler              
000002db  TIMG7_IRQHandler              
000002db  TIMG8_IRQHandler              
000002db  UART0_IRQHandler              
000002db  UART1_IRQHandler              
000002db  UART2_IRQHandler              
000002db  UART3_IRQHandler              
20208000  __STACK_END                   
00000200  __STACK_SIZE                  
00000000  __TI_ATRegion0_region_sz      
00000000  __TI_ATRegion0_src_addr       
00000000  __TI_ATRegion0_trg_addr       
00000000  __TI_ATRegion1_region_sz      
00000000  __TI_ATRegion1_src_addr       
00000000  __TI_ATRegion1_trg_addr       
00000000  __TI_ATRegion2_region_sz      
00000000  __TI_ATRegion2_src_addr       
00000000  __TI_ATRegion2_trg_addr       
000002f4  __TI_CINIT_Base               
000002fc  __TI_CINIT_Limit              
000002fc  __TI_CINIT_Warm               
000002f0  __TI_Handler_Table_Base       
000002f4  __TI_Handler_Table_Limit      
000001b1  __TI_auto_init_nobinit_nopinit
ffffffff  __TI_pprof_out_hndl           
ffffffff  __TI_prof_data_size           
ffffffff  __TI_prof_data_start          
00000000  __TI_static_base__            
00000295  __TI_zero_init_nomemset       
ffffffff  __binit__                     
UNDEFED   __mpu_init                    
20207e00  __stack                       
20200000  __start___llvm_prf_bits       
20200000  __start___llvm_prf_cnts       
20200000  __stop___llvm_prf_bits        
20200000  __stop___llvm_prf_cnts        
00000251  _c_int00_noargs               
UNDEFED   _system_post_cinit            
000002d7  _system_pre_init              
000002c9  abort                         
ffffffff  binit                         
20200000  gAdcResult                    
20200002  gCheckADC                     
00000000  interruptVectors              
000000c1  main                          


GLOBAL SYMBOLS: SORTED BY Symbol Address 

address   name                          
-------   ----                          
00000000  __TI_ATRegion0_region_sz      
00000000  __TI_ATRegion0_src_addr       
00000000  __TI_ATRegion0_trg_addr       
00000000  __TI_ATRegion1_region_sz      
00000000  __TI_ATRegion1_src_addr       
00000000  __TI_ATRegion1_trg_addr       
00000000  __TI_ATRegion2_region_sz      
00000000  __TI_ATRegion2_src_addr       
00000000  __TI_ATRegion2_trg_addr       
00000000  __TI_static_base__            
00000000  interruptVectors              
000000c1  main                          
0000011d  SYSCFG_DL_ADC12_0_init        
00000171  DL_ADC12_setClockConfig       
000001b1  __TI_auto_init_nobinit_nopinit
000001ed  SYSCFG_DL_initPower           
00000200  __STACK_SIZE                  
00000221  SYSCFG_DL_SYSCTL_init         
00000251  _c_int00_noargs               
00000279  ADC0_IRQHandler               
00000295  __TI_zero_init_nomemset       
000002ab  SYSCFG_DL_init                
000002bf  DL_Common_delayCycles         
000002c9  abort                         
000002ce  C$$EXIT                       
000002cf  HOSTexit                      
000002d3  Reset_Handler                 
000002d7  _system_pre_init              
000002db  ADC1_IRQHandler               
000002db  AES_IRQHandler                
000002db  CANFD0_IRQHandler             
000002db  DAC0_IRQHandler               
000002db  DMA_IRQHandler                
000002db  Default_Handler               
000002db  GROUP0_IRQHandler             
000002db  GROUP1_IRQHandler             
000002db  HardFault_Handler             
000002db  I2C0_IRQHandler               
000002db  I2C1_IRQHandler               
000002db  NMI_Handler                   
000002db  PendSV_Handler                
000002db  RTC_IRQHandler                
000002db  SPI0_IRQHandler               
000002db  SPI1_IRQHandler               
000002db  SVC_Handler                   
000002db  SysTick_Handler               
000002db  TIMA0_IRQHandler              
000002db  TIMA1_IRQHandler              
000002db  TIMG0_IRQHandler              
000002db  TIMG12_IRQHandler             
000002db  TIMG6_IRQHandler              
000002db  TIMG7_IRQHandler              
000002db  TIMG8_IRQHandler              
000002db  UART0_IRQHandler              
000002db  UART1_IRQHandler              
000002db  UART2_IRQHandler              
000002db  UART3_IRQHandler              
000002dd  SYSCFG_DL_GPIO_init           
000002f0  __TI_Handler_Table_Base       
000002f4  __TI_CINIT_Base               
000002f4  __TI_Handler_Table_Limit      
000002fc  __TI_CINIT_Limit              
000002fc  __TI_CINIT_Warm               
20200000  __start___llvm_prf_bits       
20200000  __start___llvm_prf_cnts       
20200000  __stop___llvm_prf_bits        
20200000  __stop___llvm_prf_cnts        
20200000  gAdcResult                    
20200002  gCheckADC                     
20207e00  __stack                       
20208000  __STACK_END                   
ffffffff  __TI_pprof_out_hndl           
ffffffff  __TI_prof_data_size           
ffffffff  __TI_prof_data_start          
ffffffff  __binit__                     
ffffffff  binit                         
UNDEFED   __mpu_init                    
UNDEFED   _system_post_cinit            

[78 symbols]
