******************************************************************************
            TI ARM Clang Linker PC v4.0.4                      
******************************************************************************
>> Linked Thu Nov 13 17:24:50 2025

OUTPUT FILE NAME:   <ADC_DAC_.out>
ENTRY POINT SYMBOL: "_c_int00_noargs"  address: 00000315


MEMORY CONFIGURATION

         name            origin    length      used     unused   attr    fill
----------------------  --------  ---------  --------  --------  ----  --------
  FLASH                 00000000   00020000  00000410  0001fbf0  R  X
  SRAM                  20200000   00008000  00000203  00007dfd  RW X
  BCR_CONFIG            41c00000   000000ff  00000000  000000ff  R   
  BSL_CONFIG            41c00100   00000080  00000000  00000080  R   


SEGMENT ALLOCATION MAP

run origin  load origin   length   init length attrs members
----------  ----------- ---------- ----------- ----- -------
00000000    00000000    00000410   00000410    r-x
  00000000    00000000    000000c0   000000c0    r-- .intvecs
  000000c0    000000c0    00000310   00000310    r-x .text
  000003d0    000003d0    00000028   00000028    r-- .rodata
  000003f8    000003f8    00000018   00000018    r-- .cinit
20200000    20200000    00000003   00000000    rw-
  20200000    20200000    00000003   00000000    rw- .bss
20207e00    20207e00    00000200   00000000    rw-
  20207e00    20207e00    00000200   00000000    rw- .stack


SECTION ALLOCATION MAP

 output                                  attributes/
section   page    origin      length       input sections
--------  ----  ----------  ----------   ----------------
.intvecs   0    00000000    000000c0     
                  00000000    000000c0     startup_mspm0g350x_ticlang.o (.intvecs)

.text      0    000000c0    00000310     
                  000000c0    00000088     dl_dac12.o (.text.DL_DAC12_init)
                  00000148    0000007c     empty.o (.text.main)
                  000001c4    00000054     ti_msp_dl_config.o (.text.SYSCFG_DL_ADC12_0_init)
                  00000218    00000040     dl_adc12.o (.text.DL_ADC12_setClockConfig)
                  00000258    00000040     ti_msp_dl_config.o (.text.SYSCFG_DL_SYSCTL_init)
                  00000298    00000040     ti_msp_dl_config.o (.text.SYSCFG_DL_initPower)
                  000002d8    0000003c     libc.a : autoinit.c.obj (.text:__TI_auto_init_nobinit_nopinit)
                  00000314    00000028            : boot_cortex_m.c.obj (.text:_c_int00_noargs)
                  0000033c    00000024     ti_msp_dl_config.o (.text.SYSCFG_DL_DAC12_init)
                  00000360    0000001c     empty.o (.text.ADC0_IRQHandler)
                  0000037c    00000018     ti_msp_dl_config.o (.text.SYSCFG_DL_init)
                  00000394    00000016     libc.a : copy_zero_init.c.obj (.text:decompress:ZI:__TI_zero_init_nomemset)
                  000003aa    0000000a     dl_common.o (.text.DL_Common_delayCycles)
                  000003b4    00000006     libc.a : exit.c.obj (.text:abort)
                  000003ba    00000004     libsysbm.a : hostexit.c.obj (.text.HOSTexit)
                  000003be    00000004     startup_mspm0g350x_ticlang.o (.text.Reset_Handler)
                  000003c2    00000004     libc.a : pre_init.c.obj (.text._system_pre_init)
                  000003c6    00000002     startup_mspm0g350x_ticlang.o (.text.Default_Handler)
                  000003c8    00000002     ti_msp_dl_config.o (.text.SYSCFG_DL_GPIO_init)
                  000003ca    00000006     --HOLE-- [fill = 0]

.cinit     0    000003f8    00000018     
                  000003f8    00000008     (.cinit..bss.load) [load image, compression = zero_init]
                  00000400    00000004     (__TI_handler_table)
                  00000404    00000008     (__TI_cinit_table)
                  0000040c    00000004     --HOLE-- [fill = 0]

.rodata    0    000003d0    00000028     
                  000003d0    00000020     ti_msp_dl_config.o (.rodata.gDAC12Config)
                  000003f0    00000008     ti_msp_dl_config.o (.rodata.gADC12_0ClockConfig)

.init_array 
*          0    00000000    00000000     UNINITIALIZED

.binit     0    00000000    00000000     

.bss       0    20200000    00000003     UNINITIALIZED
                  20200000    00000002     (.common:gAdcResult)
                  20200002    00000001     (.common:gCheckADC)

.stack     0    20207e00    00000200     UNINITIALIZED
                  20207e00    00000004     libc.a : boot_cortex_m.c.obj (.stack)
                  20207e04    000001fc     --HOLE--

__llvm_prf_cnts 
*          0    20200000    00000000     UNINITIALIZED

__llvm_prf_bits 
*          0    20200000    00000000     UNINITIALIZED

MODULE SUMMARY

       Module                         code   ro data   rw data
       ------                         ----   -------   -------
    .\
       ti_msp_dl_config.o             274    40        0      
       startup_mspm0g350x_ticlang.o   6      192       0      
       empty.o                        152    0         3      
    +--+------------------------------+------+---------+---------+
       Total:                         432    232       3      
                                                              
    .\ti\driverlib\
       dl_dac12.o                     136    0         0      
       dl_adc12.o                     64     0         0      
       dl_common.o                    10     0         0      
    +--+------------------------------+------+---------+---------+
       Total:                         210    0         0      
                                                              
    C:\ti\ccs2031\ccs\tools\compiler\ti-cgt-armllvm_4.0.4.LTS\lib\armv6m-ti-none-eabi/c/libc.a
       autoinit.c.obj                 60     0         0      
       boot_cortex_m.c.obj            40     0         0      
       copy_zero_init.c.obj           22     0         0      
       exit.c.obj                     6      0         0      
       pre_init.c.obj                 4      0         0      
    +--+------------------------------+------+---------+---------+
       Total:                         132    0         0      
                                                              
    C:\ti\ccs2031\ccs\tools\compiler\ti-cgt-armllvm_4.0.4.LTS\lib\armv6m-ti-none-eabi/c/libsysbm.a
       hostexit.c.obj                 4      0         0      
    +--+------------------------------+------+---------+---------+
       Total:                         4      0         0      
                                                              
       Stack:                         0      0         512    
       Linker Generated:              0      20        0      
    +--+------------------------------+------+---------+---------+
       Grand Total:                   778    252       515    


LINKER GENERATED COPY TABLES

__TI_cinit_table @ 00000404 records: 1, size/record: 8, table size: 8
	.bss: load addr=000003f8, load size=00000008 bytes, run addr=20200000, run size=00000003 bytes, compression=zero_init


LINKER GENERATED HANDLER TABLE

__TI_handler_table @ 00000400 records: 1, size/record: 4, table size: 4
	index: 0, handler: __TI_zero_init


GLOBAL SYMBOLS: SORTED ALPHABETICALLY BY Name 

address   name                          
-------   ----                          
00000361  ADC0_IRQHandler               
000003c7  ADC1_IRQHandler               
000003c7  AES_IRQHandler                
000003ba  C$$EXIT                       
000003c7  CANFD0_IRQHandler             
000003c7  DAC0_IRQHandler               
00000219  DL_ADC12_setClockConfig       
000003ab  DL_Common_delayCycles         
000000c1  DL_DAC12_init                 
000003c7  DMA_IRQHandler                
000003c7  Default_Handler               
000003c7  GROUP0_IRQHandler             
000003c7  GROUP1_IRQHandler             
000003bb  HOSTexit                      
000003c7  HardFault_Handler             
000003c7  I2C0_IRQHandler               
000003c7  I2C1_IRQHandler               
000003c7  NMI_Handler                   
000003c7  PendSV_Handler                
000003c7  RTC_IRQHandler                
000003bf  Reset_Handler                 
000003c7  SPI0_IRQHandler               
000003c7  SPI1_IRQHandler               
000003c7  SVC_Handler                   
000001c5  SYSCFG_DL_ADC12_0_init        
0000033d  SYSCFG_DL_DAC12_init          
000003c9  SYSCFG_DL_GPIO_init           
00000259  SYSCFG_DL_SYSCTL_init         
0000037d  SYSCFG_DL_init                
00000299  SYSCFG_DL_initPower           
000003c7  SysTick_Handler               
000003c7  TIMA0_IRQHandler              
000003c7  TIMA1_IRQHandler              
000003c7  TIMG0_IRQHandler              
000003c7  TIMG12_IRQHandler             
000003c7  TIMG6_IRQHandler              
000003c7  TIMG7_IRQHandler              
000003c7  TIMG8_IRQHandler              
000003c7  UART0_IRQHandler              
000003c7  UART1_IRQHandler              
000003c7  UART2_IRQHandler              
000003c7  UART3_IRQHandler              
20208000  __STACK_END                   
00000200  __STACK_SIZE                  
00000000  __TI_ATRegion0_region_sz      
00000000  __TI_ATRegion0_src_addr       
00000000  __TI_ATRegion0_trg_addr       
00000000  __TI_ATRegion1_region_sz      
00000000  __TI_ATRegion1_src_addr       
00000000  __TI_ATRegion1_trg_addr       
00000000  __TI_ATRegion2_region_sz      
00000000  __TI_ATRegion2_src_addr       
00000000  __TI_ATRegion2_trg_addr       
00000404  __TI_CINIT_Base               
0000040c  __TI_CINIT_Limit              
0000040c  __TI_CINIT_Warm               
00000400  __TI_Handler_Table_Base       
00000404  __TI_Handler_Table_Limit      
000002d9  __TI_auto_init_nobinit_nopinit
ffffffff  __TI_pprof_out_hndl           
ffffffff  __TI_prof_data_size           
ffffffff  __TI_prof_data_start          
00000000  __TI_static_base__            
00000395  __TI_zero_init_nomemset       
ffffffff  __binit__                     
UNDEFED   __mpu_init                    
20207e00  __stack                       
20200000  __start___llvm_prf_bits       
20200000  __start___llvm_prf_cnts       
20200000  __stop___llvm_prf_bits        
20200000  __stop___llvm_prf_cnts        
00000315  _c_int00_noargs               
UNDEFED   _system_post_cinit            
000003c3  _system_pre_init              
000003b5  abort                         
ffffffff  binit                         
20200000  gAdcResult                    
20200002  gCheckADC                     
00000000  interruptVectors              
00000149  main                          


GLOBAL SYMBOLS: SORTED BY Symbol Address 

address   name                          
-------   ----                          
00000000  __TI_ATRegion0_region_sz      
00000000  __TI_ATRegion0_src_addr       
00000000  __TI_ATRegion0_trg_addr       
00000000  __TI_ATRegion1_region_sz      
00000000  __TI_ATRegion1_src_addr       
00000000  __TI_ATRegion1_trg_addr       
00000000  __TI_ATRegion2_region_sz      
00000000  __TI_ATRegion2_src_addr       
00000000  __TI_ATRegion2_trg_addr       
00000000  __TI_static_base__            
00000000  interruptVectors              
000000c1  DL_DAC12_init                 
00000149  main                          
000001c5  SYSCFG_DL_ADC12_0_init        
00000200  __STACK_SIZE                  
00000219  DL_ADC12_setClockConfig       
00000259  SYSCFG_DL_SYSCTL_init         
00000299  SYSCFG_DL_initPower           
000002d9  __TI_auto_init_nobinit_nopinit
00000315  _c_int00_noargs               
0000033d  SYSCFG_DL_DAC12_init          
00000361  ADC0_IRQHandler               
0000037d  SYSCFG_DL_init                
00000395  __TI_zero_init_nomemset       
000003ab  DL_Common_delayCycles         
000003b5  abort                         
000003ba  C$$EXIT                       
000003bb  HOSTexit                      
000003bf  Reset_Handler                 
000003c3  _system_pre_init              
000003c7  ADC1_IRQHandler               
000003c7  AES_IRQHandler                
000003c7  CANFD0_IRQHandler             
000003c7  DAC0_IRQHandler               
000003c7  DMA_IRQHandler                
000003c7  Default_Handler               
000003c7  GROUP0_IRQHandler             
000003c7  GROUP1_IRQHandler             
000003c7  HardFault_Handler             
000003c7  I2C0_IRQHandler               
000003c7  I2C1_IRQHandler               
000003c7  NMI_Handler                   
000003c7  PendSV_Handler                
000003c7  RTC_IRQHandler                
000003c7  SPI0_IRQHandler               
000003c7  SPI1_IRQHandler               
000003c7  SVC_Handler                   
000003c7  SysTick_Handler               
000003c7  TIMA0_IRQHandler              
000003c7  TIMA1_IRQHandler              
000003c7  TIMG0_IRQHandler              
000003c7  TIMG12_IRQHandler             
000003c7  TIMG6_IRQHandler              
000003c7  TIMG7_IRQHandler              
000003c7  TIMG8_IRQHandler              
000003c7  UART0_IRQHandler              
000003c7  UART1_IRQHandler              
000003c7  UART2_IRQHandler              
000003c7  UART3_IRQHandler              
000003c9  SYSCFG_DL_GPIO_init           
00000400  __TI_Handler_Table_Base       
00000404  __TI_CINIT_Base               
00000404  __TI_Handler_Table_Limit      
0000040c  __TI_CINIT_Limit              
0000040c  __TI_CINIT_Warm               
20200000  __start___llvm_prf_bits       
20200000  __start___llvm_prf_cnts       
20200000  __stop___llvm_prf_bits        
20200000  __stop___llvm_prf_cnts        
20200000  gAdcResult                    
20200002  gCheckADC                     
20207e00  __stack                       
20208000  __STACK_END                   
ffffffff  __TI_pprof_out_hndl           
ffffffff  __TI_prof_data_size           
ffffffff  __TI_prof_data_start          
ffffffff  __binit__                     
ffffffff  binit                         
UNDEFED   __mpu_init                    
UNDEFED   _system_post_cinit            

[80 symbols]
