******************************************************************************
            TI ARM Clang Linker PC v4.0.4                      
******************************************************************************
>> Linked Sat Nov 29 15:38:38 2025

OUTPUT FILE NAME:   <sinewave.out>
ENTRY POINT SYMBOL: "_c_int00_noargs"  address: 00000489


MEMORY CONFIGURATION

         name            origin    length      used     unused   attr    fill
----------------------  --------  ---------  --------  --------  ----  --------
  FLASH                 00000000   00020000  00000630  0001f9d0  R  X
  SRAM                  20200000   00008000  000002bd  00007d43  RW X
  BCR_CONFIG            41c00000   000000ff  00000000  000000ff  R   
  BSL_CONFIG            41c00100   00000080  00000000  00000080  R   


SEGMENT ALLOCATION MAP

run origin  load origin   length   init length attrs members
----------  ----------- ---------- ----------- ----- -------
00000000    00000000    00000630   00000630    r-x
  00000000    00000000    000000c0   000000c0    r-- .intvecs
  000000c0    000000c0    000004c8   000004c8    r-x .text
  00000588    00000588    00000078   00000078    r-- .rodata
  00000600    00000600    00000030   00000030    r-- .cinit
20200000    20200000    000000bd   00000000    rw-
  20200000    20200000    000000bc   00000000    rw- .bss
  202000bc    202000bc    00000001   00000000    rw- .data
20207e00    20207e00    00000200   00000000    rw-
  20207e00    20207e00    00000200   00000000    rw- .stack


SECTION ALLOCATION MAP

 output                                  attributes/
section   page    origin      length       input sections
--------  ----  ----------  ----------   ----------------
.intvecs   0    00000000    000000c0     
                  00000000    000000c0     startup_mspm0g350x_ticlang.o (.intvecs)

.text      0    000000c0    000004c8     
                  000000c0    000000fc     dl_timer.o (.text.DL_Timer_initTimerMode)
                  000001bc    0000009a     libc.a : memcpy16.S.obj (.text:memcpy)
                  00000256    00000002     startup_mspm0g350x_ticlang.o (.text.Default_Handler)
                  00000258    00000088     dl_dac12.o (.text.DL_DAC12_init)
                  000002e0    0000007c     libc.a : copy_decompress_lzss.c.obj (.text:decompress:lzss)
                  0000035c    00000044     ti_msp_dl_config.o (.text.SYSCFG_DL_TIMER_0_init)
                  000003a0    00000040     ti_msp_dl_config.o (.text.SYSCFG_DL_initPower)
                  000003e0    00000040     empty.o (.text.TIMA0_IRQHandler)
                  00000420    0000003c     libc.a : autoinit.c.obj (.text:__TI_auto_init_nobinit_nopinit)
                  0000045c    0000002c     ti_msp_dl_config.o (.text.SYSCFG_DL_SYSCTL_init)
                  00000488    00000028     libc.a : boot_cortex_m.c.obj (.text:_c_int00_noargs)
                  000004b0    00000024     ti_msp_dl_config.o (.text.SYSCFG_DL_DAC12_init)
                  000004d4    00000024     ti_msp_dl_config.o (.text.SYSCFG_DL_init)
                  000004f8    00000020     empty.o (.text.main)
                  00000518    0000001c     dl_timer.o (.text.DL_Timer_setClockConfig)
                  00000534    00000016     libc.a : copy_zero_init.c.obj (.text:decompress:ZI:__TI_zero_init_nomemset)
                  0000054a    00000012            : copy_decompress_none.c.obj (.text:decompress:none)
                  0000055c    0000000a     dl_common.o (.text.DL_Common_delayCycles)
                  00000566    00000002     ti_msp_dl_config.o (.text.SYSCFG_DL_GPIO_init)
                  00000568    00000008     libclang_rt.builtins.a : aeabi_memcpy.S.obj (.text.__aeabi_memcpy)
                  00000570    00000006     libc.a : exit.c.obj (.text:abort)
                  00000576    00000004     libsysbm.a : hostexit.c.obj (.text.HOSTexit)
                  0000057a    00000004     startup_mspm0g350x_ticlang.o (.text.Reset_Handler)
                  0000057e    00000004     libc.a : pre_init.c.obj (.text._system_pre_init)
                  00000582    00000006     --HOLE-- [fill = 0]

.cinit     0    00000600    00000030     
                  00000600    0000000c     (__TI_handler_table)
                  0000060c    00000008     (.cinit..bss.load) [load image, compression = zero_init]
                  00000614    00000005     (.cinit..data.load) [load image, compression = lzss]
                  00000619    00000003     --HOLE-- [fill = 0]
                  0000061c    00000010     (__TI_cinit_table)
                  0000062c    00000004     --HOLE-- [fill = 0]

.rodata    0    00000588    00000078     
                  00000588    00000040     empty.o (.rodata.sineTable)
                  000005c8    00000020     ti_msp_dl_config.o (.rodata.gDAC12Config)
                  000005e8    00000014     ti_msp_dl_config.o (.rodata.gTIMER_0TimerConfig)
                  000005fc    00000003     ti_msp_dl_config.o (.rodata.gTIMER_0ClockConfig)
                  000005ff    00000001     --HOLE-- [fill = 0]

.init_array 
*          0    00000000    00000000     UNINITIALIZED

.binit     0    00000000    00000000     

.bss       0    20200000    000000bc     UNINITIALIZED
                  20200000    000000bc     (.common:gTIMER_0Backup)

.data      0    202000bc    00000001     UNINITIALIZED
                  202000bc    00000001     empty.o (.data.i)

.stack     0    20207e00    00000200     UNINITIALIZED
                  20207e00    00000004     libc.a : boot_cortex_m.c.obj (.stack)
                  20207e04    000001fc     --HOLE--

__llvm_prf_cnts 
*          0    20200000    00000000     UNINITIALIZED

__llvm_prf_bits 
*          0    20200000    00000000     UNINITIALIZED

MODULE SUMMARY

       Module                         code   ro data   rw data
       ------                         ----   -------   -------
    .\
       ti_msp_dl_config.o             250    55        188    
       startup_mspm0g350x_ticlang.o   6      192       0      
       empty.o                        96     64        1      
    +--+------------------------------+------+---------+---------+
       Total:                         352    311       189    
                                                              
    .\ti\driverlib\
       dl_timer.o                     280    0         0      
       dl_dac12.o                     136    0         0      
       dl_common.o                    10     0         0      
    +--+------------------------------+------+---------+---------+
       Total:                         426    0         0      
                                                              
    C:\ti\ccs2031\ccs\tools\compiler\ti-cgt-armllvm_4.0.4.LTS\lib\armv6m-ti-none-eabi/c/libc.a
       memcpy16.S.obj                 154    0         0      
       copy_decompress_lzss.c.obj     124    0         0      
       autoinit.c.obj                 60     0         0      
       boot_cortex_m.c.obj            40     0         0      
       copy_zero_init.c.obj           22     0         0      
       copy_decompress_none.c.obj     18     0         0      
       exit.c.obj                     6      0         0      
       pre_init.c.obj                 4      0         0      
    +--+------------------------------+------+---------+---------+
       Total:                         428    0         0      
                                                              
    C:\ti\ccs2031\ccs\tools\compiler\ti-cgt-armllvm_4.0.4.LTS\lib\armv6m-ti-none-eabi/c/libsysbm.a
       hostexit.c.obj                 4      0         0      
    +--+------------------------------+------+---------+---------+
       Total:                         4      0         0      
                                                              
    C:\ti\ccs2031\ccs\tools\compiler\ti-cgt-armllvm_4.0.4.LTS\lib\armv6m-ti-none-eabi/libclang_rt.builtins.a
       aeabi_memcpy.S.obj             8      0         0      
    +--+------------------------------+------+---------+---------+
       Total:                         8      0         0      
                                                              
       Stack:                         0      0         512    
       Linker Generated:              0      41        0      
    +--+------------------------------+------+---------+---------+
       Grand Total:                   1218   352       701    


LINKER GENERATED COPY TABLES

__TI_cinit_table @ 0000061c records: 2, size/record: 8, table size: 16
	.bss: load addr=0000060c, load size=00000008 bytes, run addr=20200000, run size=000000bc bytes, compression=zero_init
	.data: load addr=00000614, load size=00000005 bytes, run addr=202000bc, run size=00000001 bytes, compression=lzss


LINKER GENERATED HANDLER TABLE

__TI_handler_table @ 00000600 records: 3, size/record: 4, table size: 12
	index: 0, handler: __TI_decompress_lzss
	index: 1, handler: __TI_decompress_none
	index: 2, handler: __TI_zero_init


GLOBAL SYMBOLS: SORTED ALPHABETICALLY BY Name 

address   name                          
-------   ----                          
00000257  ADC0_IRQHandler               
00000257  ADC1_IRQHandler               
00000257  AES_IRQHandler                
00000576  C$$EXIT                       
00000257  CANFD0_IRQHandler             
00000257  DAC0_IRQHandler               
0000055d  DL_Common_delayCycles         
00000259  DL_DAC12_init                 
000000c1  DL_Timer_initTimerMode        
00000519  DL_Timer_setClockConfig       
00000257  DMA_IRQHandler                
00000257  Default_Handler               
00000257  GROUP0_IRQHandler             
00000257  GROUP1_IRQHandler             
00000577  HOSTexit                      
00000257  HardFault_Handler             
00000257  I2C0_IRQHandler               
00000257  I2C1_IRQHandler               
00000257  NMI_Handler                   
00000257  PendSV_Handler                
00000257  RTC_IRQHandler                
0000057b  Reset_Handler                 
00000257  SPI0_IRQHandler               
00000257  SPI1_IRQHandler               
00000257  SVC_Handler                   
000004b1  SYSCFG_DL_DAC12_init          
00000567  SYSCFG_DL_GPIO_init           
0000045d  SYSCFG_DL_SYSCTL_init         
0000035d  SYSCFG_DL_TIMER_0_init        
000004d5  SYSCFG_DL_init                
000003a1  SYSCFG_DL_initPower           
00000257  SysTick_Handler               
000003e1  TIMA0_IRQHandler              
00000257  TIMA1_IRQHandler              
00000257  TIMG0_IRQHandler              
00000257  TIMG12_IRQHandler             
00000257  TIMG6_IRQHandler              
00000257  TIMG7_IRQHandler              
00000257  TIMG8_IRQHandler              
00000257  UART0_IRQHandler              
00000257  UART1_IRQHandler              
00000257  UART2_IRQHandler              
00000257  UART3_IRQHandler              
20208000  __STACK_END                   
00000200  __STACK_SIZE                  
00000000  __TI_ATRegion0_region_sz      
00000000  __TI_ATRegion0_src_addr       
00000000  __TI_ATRegion0_trg_addr       
00000000  __TI_ATRegion1_region_sz      
00000000  __TI_ATRegion1_src_addr       
00000000  __TI_ATRegion1_trg_addr       
00000000  __TI_ATRegion2_region_sz      
00000000  __TI_ATRegion2_src_addr       
00000000  __TI_ATRegion2_trg_addr       
0000061c  __TI_CINIT_Base               
0000062c  __TI_CINIT_Limit              
0000062c  __TI_CINIT_Warm               
00000600  __TI_Handler_Table_Base       
0000060c  __TI_Handler_Table_Limit      
00000421  __TI_auto_init_nobinit_nopinit
000002e1  __TI_decompress_lzss          
0000054b  __TI_decompress_none          
ffffffff  __TI_pprof_out_hndl           
ffffffff  __TI_prof_data_size           
ffffffff  __TI_prof_data_start          
00000000  __TI_static_base__            
00000535  __TI_zero_init_nomemset       
00000569  __aeabi_memcpy                
00000569  __aeabi_memcpy4               
00000569  __aeabi_memcpy8               
ffffffff  __binit__                     
UNDEFED   __mpu_init                    
20207e00  __stack                       
20200000  __start___llvm_prf_bits       
20200000  __start___llvm_prf_cnts       
20200000  __stop___llvm_prf_bits        
20200000  __stop___llvm_prf_cnts        
00000489  _c_int00_noargs               
UNDEFED   _system_post_cinit            
0000057f  _system_pre_init              
00000571  abort                         
ffffffff  binit                         
20200000  gTIMER_0Backup                
202000bc  i                             
00000000  interruptVectors              
000004f9  main                          
000001bd  memcpy                        
00000588  sineTable                     


GLOBAL SYMBOLS: SORTED BY Symbol Address 

address   name                          
-------   ----                          
00000000  __TI_ATRegion0_region_sz      
00000000  __TI_ATRegion0_src_addr       
00000000  __TI_ATRegion0_trg_addr       
00000000  __TI_ATRegion1_region_sz      
00000000  __TI_ATRegion1_src_addr       
00000000  __TI_ATRegion1_trg_addr       
00000000  __TI_ATRegion2_region_sz      
00000000  __TI_ATRegion2_src_addr       
00000000  __TI_ATRegion2_trg_addr       
00000000  __TI_static_base__            
00000000  interruptVectors              
000000c1  DL_Timer_initTimerMode        
000001bd  memcpy                        
00000200  __STACK_SIZE                  
00000257  ADC0_IRQHandler               
00000257  ADC1_IRQHandler               
00000257  AES_IRQHandler                
00000257  CANFD0_IRQHandler             
00000257  DAC0_IRQHandler               
00000257  DMA_IRQHandler                
00000257  Default_Handler               
00000257  GROUP0_IRQHandler             
00000257  GROUP1_IRQHandler             
00000257  HardFault_Handler             
00000257  I2C0_IRQHandler               
00000257  I2C1_IRQHandler               
00000257  NMI_Handler                   
00000257  PendSV_Handler                
00000257  RTC_IRQHandler                
00000257  SPI0_IRQHandler               
00000257  SPI1_IRQHandler               
00000257  SVC_Handler                   
00000257  SysTick_Handler               
00000257  TIMA1_IRQHandler              
00000257  TIMG0_IRQHandler              
00000257  TIMG12_IRQHandler             
00000257  TIMG6_IRQHandler              
00000257  TIMG7_IRQHandler              
00000257  TIMG8_IRQHandler              
00000257  UART0_IRQHandler              
00000257  UART1_IRQHandler              
00000257  UART2_IRQHandler              
00000257  UART3_IRQHandler              
00000259  DL_DAC12_init                 
000002e1  __TI_decompress_lzss          
0000035d  SYSCFG_DL_TIMER_0_init        
000003a1  SYSCFG_DL_initPower           
000003e1  TIMA0_IRQHandler              
00000421  __TI_auto_init_nobinit_nopinit
0000045d  SYSCFG_DL_SYSCTL_init         
00000489  _c_int00_noargs               
000004b1  SYSCFG_DL_DAC12_init          
000004d5  SYSCFG_DL_init                
000004f9  main                          
00000519  DL_Timer_setClockConfig       
00000535  __TI_zero_init_nomemset       
0000054b  __TI_decompress_none          
0000055d  DL_Common_delayCycles         
00000567  SYSCFG_DL_GPIO_init           
00000569  __aeabi_memcpy                
00000569  __aeabi_memcpy4               
00000569  __aeabi_memcpy8               
00000571  abort                         
00000576  C$$EXIT                       
00000577  HOSTexit                      
0000057b  Reset_Handler                 
0000057f  _system_pre_init              
00000588  sineTable                     
00000600  __TI_Handler_Table_Base       
0000060c  __TI_Handler_Table_Limit      
0000061c  __TI_CINIT_Base               
0000062c  __TI_CINIT_Limit              
0000062c  __TI_CINIT_Warm               
20200000  __start___llvm_prf_bits       
20200000  __start___llvm_prf_cnts       
20200000  __stop___llvm_prf_bits        
20200000  __stop___llvm_prf_cnts        
20200000  gTIMER_0Backup                
202000bc  i                             
20207e00  __stack                       
20208000  __STACK_END                   
ffffffff  __TI_pprof_out_hndl           
ffffffff  __TI_prof_data_size           
ffffffff  __TI_prof_data_start          
ffffffff  __binit__                     
ffffffff  binit                         
UNDEFED   __mpu_init                    
UNDEFED   _system_post_cinit            

[88 symbols]
