******************************************************************************
            TI ARM Clang Linker PC v4.0.4                      
******************************************************************************
>> Linked Mon Mar  2 13:01:14 2026

OUTPUT FILE NAME:   <OP_AMP_NON_INVERTING_ADC_DAC.out>
ENTRY POINT SYMBOL: "_c_int00_noargs"  address: 00000375


MEMORY CONFIGURATION

         name            origin    length      used     unused   attr    fill
----------------------  --------  ---------  --------  --------  ----  --------
  FLASH                 00000000   00020000  00000458  0001fba8  R  X
  SRAM                  20200000   00008000  00000203  00007dfd  RW X
  BCR_CONFIG            41c00000   000000ff  00000000  000000ff  R   
  BSL_CONFIG            41c00100   00000080  00000000  00000080  R   


SEGMENT ALLOCATION MAP

run origin  load origin   length   init length attrs members
----------  ----------- ---------- ----------- ----- -------
00000000    00000000    00000458   00000458    r-x
  00000000    00000000    000000c0   000000c0    r-- .intvecs
  000000c0    000000c0    00000358   00000358    r-x .text
  00000418    00000418    00000028   00000028    r-- .rodata
  00000440    00000440    00000018   00000018    r-- .cinit
20200000    20200000    00000003   00000000    rw-
  20200000    20200000    00000003   00000000    rw- .bss
20207e00    20207e00    00000200   00000000    rw-
  20207e00    20207e00    00000200   00000000    rw- .stack


SECTION ALLOCATION MAP

 output                                  attributes/
section   page    origin      length       input sections
--------  ----  ----------  ----------   ----------------
.intvecs   0    00000000    000000c0     
                  00000000    000000c0     startup_mspm0g350x_ticlang.o (.intvecs)

.text      0    000000c0    00000358     
                  000000c0    00000088     driverlib.a : dl_dac12.o (.text.DL_DAC12_init)
                  00000148    00000070     empty.o (.text.main)
                  000001b8    00000050     ti_msp_dl_config.o (.text.SYSCFG_DL_ADC12_0_init)
                  00000208    00000050     ti_msp_dl_config.o (.text.SYSCFG_DL_SYSCTL_init)
                  00000258    00000048     ti_msp_dl_config.o (.text.SYSCFG_DL_initPower)
                  000002a0    00000040     driverlib.a : dl_adc12.o (.text.DL_ADC12_setClockConfig)
                  000002e0    0000003c     libc.a : autoinit.c.obj (.text:__TI_auto_init_nobinit_nopinit)
                  0000031c    0000002c     empty.o (.text.ADC1_IRQHandler)
                  00000348    0000002c     ti_msp_dl_config.o (.text.SYSCFG_DL_OPA_0_init)
                  00000374    00000028     libc.a : boot_cortex_m.c.obj (.text:_c_int00_noargs)
                  0000039c    00000024     ti_msp_dl_config.o (.text.SYSCFG_DL_DAC12_init)
                  000003c0    0000001c     ti_msp_dl_config.o (.text.SYSCFG_DL_init)
                  000003dc    00000016     libc.a : copy_zero_init.c.obj (.text:decompress:ZI:__TI_zero_init_nomemset)
                  000003f2    0000000a     driverlib.a : dl_common.o (.text.DL_Common_delayCycles)
                  000003fc    00000006     libc.a : exit.c.obj (.text:abort)
                  00000402    00000004     libsysbm.a : hostexit.c.obj (.text.HOSTexit)
                  00000406    00000004     startup_mspm0g350x_ticlang.o (.text.Reset_Handler)
                  0000040a    00000004     libc.a : pre_init.c.obj (.text._system_pre_init)
                  0000040e    00000002     startup_mspm0g350x_ticlang.o (.text.Default_Handler)
                  00000410    00000002     ti_msp_dl_config.o (.text.SYSCFG_DL_GPIO_init)
                  00000412    00000006     --HOLE-- [fill = 0]

.cinit     0    00000440    00000018     
                  00000440    00000008     (.cinit..bss.load) [load image, compression = zero_init]
                  00000448    00000004     (__TI_handler_table)
                  0000044c    00000008     (__TI_cinit_table)
                  00000454    00000004     --HOLE-- [fill = 0]

.rodata    0    00000418    00000028     
                  00000418    00000020     ti_msp_dl_config.o (.rodata.gDAC12Config)
                  00000438    00000008     ti_msp_dl_config.o (.rodata.gADC12_0ClockConfig)

.init_array 
*          0    00000000    00000000     UNINITIALIZED

.binit     0    00000000    00000000     

.bss       0    20200000    00000003     UNINITIALIZED
                  20200000    00000002     (.common:gADCResult)
                  20200002    00000001     (.common:gCheckADC)

.stack     0    20207e00    00000200     UNINITIALIZED
                  20207e00    00000004     libc.a : boot_cortex_m.c.obj (.stack)
                  20207e04    000001fc     --HOLE--

__llvm_prf_cnts 
*          0    20200000    00000000     UNINITIALIZED

__llvm_prf_bits 
*          0    20200000    00000000     UNINITIALIZED

MODULE SUMMARY

       Module                         code   ro data   rw data
       ------                         ----   -------   -------
    .\
       ti_msp_dl_config.o             342    40        0      
       startup_mspm0g350x_ticlang.o   6      192       0      
       empty.o                        156    0         3      
    +--+------------------------------+------+---------+---------+
       Total:                         504    232       3      
                                                              
    C:/ti/mspm0_sdk_2_09_00_01/source/ti/driverlib/lib/ticlang/m0p/mspm0g1x0x_g3x0x/driverlib.a
       dl_dac12.o                     136    0         0      
       dl_adc12.o                     64     0         0      
       dl_common.o                    10     0         0      
    +--+------------------------------+------+---------+---------+
       Total:                         210    0         0      
                                                              
    C:\ti\ccs2041\ccs\tools\compiler\ti-cgt-armllvm_4.0.4.LTS\lib\armv6m-ti-none-eabi/c/libc.a
       autoinit.c.obj                 60     0         0      
       boot_cortex_m.c.obj            40     0         0      
       copy_zero_init.c.obj           22     0         0      
       exit.c.obj                     6      0         0      
       pre_init.c.obj                 4      0         0      
    +--+------------------------------+------+---------+---------+
       Total:                         132    0         0      
                                                              
    C:\ti\ccs2041\ccs\tools\compiler\ti-cgt-armllvm_4.0.4.LTS\lib\armv6m-ti-none-eabi/c/libsysbm.a
       hostexit.c.obj                 4      0         0      
    +--+------------------------------+------+---------+---------+
       Total:                         4      0         0      
                                                              
       Stack:                         0      0         512    
       Linker Generated:              0      20        0      
    +--+------------------------------+------+---------+---------+
       Grand Total:                   850    252       515    


LINKER GENERATED COPY TABLES

__TI_cinit_table @ 0000044c records: 1, size/record: 8, table size: 8
	.bss: load addr=00000440, load size=00000008 bytes, run addr=20200000, run size=00000003 bytes, compression=zero_init


LINKER GENERATED HANDLER TABLE

__TI_handler_table @ 00000448 records: 1, size/record: 4, table size: 4
	index: 0, handler: __TI_zero_init


GLOBAL SYMBOLS: SORTED ALPHABETICALLY BY Name 

address   name                          
-------   ----                          
0000040f  ADC0_IRQHandler               
0000031d  ADC1_IRQHandler               
0000040f  AES_IRQHandler                
00000402  C$$EXIT                       
0000040f  CANFD0_IRQHandler             
0000040f  DAC0_IRQHandler               
000002a1  DL_ADC12_setClockConfig       
000003f3  DL_Common_delayCycles         
000000c1  DL_DAC12_init                 
0000040f  DMA_IRQHandler                
0000040f  Default_Handler               
0000040f  GROUP0_IRQHandler             
0000040f  GROUP1_IRQHandler             
00000403  HOSTexit                      
0000040f  HardFault_Handler             
0000040f  I2C0_IRQHandler               
0000040f  I2C1_IRQHandler               
0000040f  NMI_Handler                   
0000040f  PendSV_Handler                
0000040f  RTC_IRQHandler                
00000407  Reset_Handler                 
0000040f  SPI0_IRQHandler               
0000040f  SPI1_IRQHandler               
0000040f  SVC_Handler                   
000001b9  SYSCFG_DL_ADC12_0_init        
0000039d  SYSCFG_DL_DAC12_init          
00000411  SYSCFG_DL_GPIO_init           
00000349  SYSCFG_DL_OPA_0_init          
00000209  SYSCFG_DL_SYSCTL_init         
000003c1  SYSCFG_DL_init                
00000259  SYSCFG_DL_initPower           
0000040f  SysTick_Handler               
0000040f  TIMA0_IRQHandler              
0000040f  TIMA1_IRQHandler              
0000040f  TIMG0_IRQHandler              
0000040f  TIMG12_IRQHandler             
0000040f  TIMG6_IRQHandler              
0000040f  TIMG7_IRQHandler              
0000040f  TIMG8_IRQHandler              
0000040f  UART0_IRQHandler              
0000040f  UART1_IRQHandler              
0000040f  UART2_IRQHandler              
0000040f  UART3_IRQHandler              
20208000  __STACK_END                   
00000200  __STACK_SIZE                  
00000000  __TI_ATRegion0_region_sz      
00000000  __TI_ATRegion0_src_addr       
00000000  __TI_ATRegion0_trg_addr       
00000000  __TI_ATRegion1_region_sz      
00000000  __TI_ATRegion1_src_addr       
00000000  __TI_ATRegion1_trg_addr       
00000000  __TI_ATRegion2_region_sz      
00000000  __TI_ATRegion2_src_addr       
00000000  __TI_ATRegion2_trg_addr       
0000044c  __TI_CINIT_Base               
00000454  __TI_CINIT_Limit              
00000454  __TI_CINIT_Warm               
00000448  __TI_Handler_Table_Base       
0000044c  __TI_Handler_Table_Limit      
000002e1  __TI_auto_init_nobinit_nopinit
ffffffff  __TI_pprof_out_hndl           
ffffffff  __TI_prof_data_size           
ffffffff  __TI_prof_data_start          
00000000  __TI_static_base__            
000003dd  __TI_zero_init_nomemset       
ffffffff  __binit__                     
UNDEFED   __mpu_init                    
20207e00  __stack                       
20200000  __start___llvm_prf_bits       
20200000  __start___llvm_prf_cnts       
20200000  __stop___llvm_prf_bits        
20200000  __stop___llvm_prf_cnts        
00000375  _c_int00_noargs               
UNDEFED   _system_post_cinit            
0000040b  _system_pre_init              
000003fd  abort                         
ffffffff  binit                         
20200000  gADCResult                    
20200002  gCheckADC                     
00000000  interruptVectors              
00000149  main                          


GLOBAL SYMBOLS: SORTED BY Symbol Address 

address   name                          
-------   ----                          
00000000  __TI_ATRegion0_region_sz      
00000000  __TI_ATRegion0_src_addr       
00000000  __TI_ATRegion0_trg_addr       
00000000  __TI_ATRegion1_region_sz      
00000000  __TI_ATRegion1_src_addr       
00000000  __TI_ATRegion1_trg_addr       
00000000  __TI_ATRegion2_region_sz      
00000000  __TI_ATRegion2_src_addr       
00000000  __TI_ATRegion2_trg_addr       
00000000  __TI_static_base__            
00000000  interruptVectors              
000000c1  DL_DAC12_init                 
00000149  main                          
000001b9  SYSCFG_DL_ADC12_0_init        
00000200  __STACK_SIZE                  
00000209  SYSCFG_DL_SYSCTL_init         
00000259  SYSCFG_DL_initPower           
000002a1  DL_ADC12_setClockConfig       
000002e1  __TI_auto_init_nobinit_nopinit
0000031d  ADC1_IRQHandler               
00000349  SYSCFG_DL_OPA_0_init          
00000375  _c_int00_noargs               
0000039d  SYSCFG_DL_DAC12_init          
000003c1  SYSCFG_DL_init                
000003dd  __TI_zero_init_nomemset       
000003f3  DL_Common_delayCycles         
000003fd  abort                         
00000402  C$$EXIT                       
00000403  HOSTexit                      
00000407  Reset_Handler                 
0000040b  _system_pre_init              
0000040f  ADC0_IRQHandler               
0000040f  AES_IRQHandler                
0000040f  CANFD0_IRQHandler             
0000040f  DAC0_IRQHandler               
0000040f  DMA_IRQHandler                
0000040f  Default_Handler               
0000040f  GROUP0_IRQHandler             
0000040f  GROUP1_IRQHandler             
0000040f  HardFault_Handler             
0000040f  I2C0_IRQHandler               
0000040f  I2C1_IRQHandler               
0000040f  NMI_Handler                   
0000040f  PendSV_Handler                
0000040f  RTC_IRQHandler                
0000040f  SPI0_IRQHandler               
0000040f  SPI1_IRQHandler               
0000040f  SVC_Handler                   
0000040f  SysTick_Handler               
0000040f  TIMA0_IRQHandler              
0000040f  TIMA1_IRQHandler              
0000040f  TIMG0_IRQHandler              
0000040f  TIMG12_IRQHandler             
0000040f  TIMG6_IRQHandler              
0000040f  TIMG7_IRQHandler              
0000040f  TIMG8_IRQHandler              
0000040f  UART0_IRQHandler              
0000040f  UART1_IRQHandler              
0000040f  UART2_IRQHandler              
0000040f  UART3_IRQHandler              
00000411  SYSCFG_DL_GPIO_init           
00000448  __TI_Handler_Table_Base       
0000044c  __TI_CINIT_Base               
0000044c  __TI_Handler_Table_Limit      
00000454  __TI_CINIT_Limit              
00000454  __TI_CINIT_Warm               
20200000  __start___llvm_prf_bits       
20200000  __start___llvm_prf_cnts       
20200000  __stop___llvm_prf_bits        
20200000  __stop___llvm_prf_cnts        
20200000  gADCResult                    
20200002  gCheckADC                     
20207e00  __stack                       
20208000  __STACK_END                   
ffffffff  __TI_pprof_out_hndl           
ffffffff  __TI_prof_data_size           
ffffffff  __TI_prof_data_start          
ffffffff  __binit__                     
ffffffff  binit                         
UNDEFED   __mpu_init                    
UNDEFED   _system_post_cinit            

[81 symbols]
