******************************************************************************
            TI ARM Clang Linker PC v4.0.4                      
******************************************************************************
>> Linked Sat Feb 28 17:58:06 2026

OUTPUT FILE NAME:   <OP_AMP_NON_INVERTING_ADC.out>
ENTRY POINT SYMBOL: "_c_int00_noargs"  address: 000002a1


MEMORY CONFIGURATION

         name            origin    length      used     unused   attr    fill
----------------------  --------  ---------  --------  --------  ----  --------
  FLASH                 00000000   00020000  00000338  0001fcc8  R  X
  SRAM                  20200000   00008000  00000203  00007dfd  RW X
  BCR_CONFIG            41c00000   000000ff  00000000  000000ff  R   
  BSL_CONFIG            41c00100   00000080  00000000  00000080  R   


SEGMENT ALLOCATION MAP

run origin  load origin   length   init length attrs members
----------  ----------- ---------- ----------- ----- -------
00000000    00000000    00000338   00000338    r-x
  00000000    00000000    000000c0   000000c0    r-- .intvecs
  000000c0    000000c0    00000258   00000258    r-x .text
  00000318    00000318    00000008   00000008    r-- .rodata
  00000320    00000320    00000018   00000018    r-- .cinit
20200000    20200000    00000003   00000000    rw-
  20200000    20200000    00000003   00000000    rw- .bss
20207e00    20207e00    00000200   00000000    rw-
  20207e00    20207e00    00000200   00000000    rw- .stack


SECTION ALLOCATION MAP

 output                                  attributes/
section   page    origin      length       input sections
--------  ----  ----------  ----------   ----------------
.intvecs   0    00000000    000000c0     
                  00000000    000000c0     startup_mspm0g350x_ticlang.o (.intvecs)

.text      0    000000c0    00000258     
                  000000c0    00000048     empty.o (.text.main)
                  00000108    00000044     ti_msp_dl_config.o (.text.SYSCFG_DL_ADC12_0_init)
                  0000014c    00000040     driverlib.a : dl_adc12.o (.text.DL_ADC12_setClockConfig)
                  0000018c    00000040     ti_msp_dl_config.o (.text.SYSCFG_DL_SYSCTL_init)
                  000001cc    00000040     ti_msp_dl_config.o (.text.SYSCFG_DL_initPower)
                  0000020c    0000003c     libc.a : autoinit.c.obj (.text:__TI_auto_init_nobinit_nopinit)
                  00000248    0000002c     empty.o (.text.ADC1_IRQHandler)
                  00000274    0000002c     ti_msp_dl_config.o (.text.SYSCFG_DL_OPA_0_init)
                  000002a0    00000028     libc.a : boot_cortex_m.c.obj (.text:_c_int00_noargs)
                  000002c8    00000018     ti_msp_dl_config.o (.text.SYSCFG_DL_init)
                  000002e0    00000016     libc.a : copy_zero_init.c.obj (.text:decompress:ZI:__TI_zero_init_nomemset)
                  000002f6    0000000a     driverlib.a : dl_common.o (.text.DL_Common_delayCycles)
                  00000300    00000006     libc.a : exit.c.obj (.text:abort)
                  00000306    00000004     libsysbm.a : hostexit.c.obj (.text.HOSTexit)
                  0000030a    00000004     startup_mspm0g350x_ticlang.o (.text.Reset_Handler)
                  0000030e    00000004     libc.a : pre_init.c.obj (.text._system_pre_init)
                  00000312    00000002     startup_mspm0g350x_ticlang.o (.text.Default_Handler)
                  00000314    00000002     ti_msp_dl_config.o (.text.SYSCFG_DL_GPIO_init)
                  00000316    00000002     --HOLE-- [fill = 0]

.cinit     0    00000320    00000018     
                  00000320    00000008     (.cinit..bss.load) [load image, compression = zero_init]
                  00000328    00000004     (__TI_handler_table)
                  0000032c    00000008     (__TI_cinit_table)
                  00000334    00000004     --HOLE-- [fill = 0]

.rodata    0    00000318    00000008     
                  00000318    00000008     ti_msp_dl_config.o (.rodata.gADC12_0ClockConfig)

.init_array 
*          0    00000000    00000000     UNINITIALIZED

.binit     0    00000000    00000000     

.bss       0    20200000    00000003     UNINITIALIZED
                  20200000    00000002     (.common:gADCResult)
                  20200002    00000001     (.common:gCheckADC)

.stack     0    20207e00    00000200     UNINITIALIZED
                  20207e00    00000004     libc.a : boot_cortex_m.c.obj (.stack)
                  20207e04    000001fc     --HOLE--

__llvm_prf_cnts 
*          0    20200000    00000000     UNINITIALIZED

__llvm_prf_bits 
*          0    20200000    00000000     UNINITIALIZED

MODULE SUMMARY

       Module                         code   ro data   rw data
       ------                         ----   -------   -------
    .\
       ti_msp_dl_config.o             266    8         0      
       startup_mspm0g350x_ticlang.o   6      192       0      
       empty.o                        116    0         3      
    +--+------------------------------+------+---------+---------+
       Total:                         388    200       3      
                                                              
    C:/ti/mspm0_sdk_2_09_00_01/source/ti/driverlib/lib/ticlang/m0p/mspm0g1x0x_g3x0x/driverlib.a
       dl_adc12.o                     64     0         0      
       dl_common.o                    10     0         0      
    +--+------------------------------+------+---------+---------+
       Total:                         74     0         0      
                                                              
    C:\ti\ccs2041\ccs\tools\compiler\ti-cgt-armllvm_4.0.4.LTS\lib\armv6m-ti-none-eabi/c/libc.a
       autoinit.c.obj                 60     0         0      
       boot_cortex_m.c.obj            40     0         0      
       copy_zero_init.c.obj           22     0         0      
       exit.c.obj                     6      0         0      
       pre_init.c.obj                 4      0         0      
    +--+------------------------------+------+---------+---------+
       Total:                         132    0         0      
                                                              
    C:\ti\ccs2041\ccs\tools\compiler\ti-cgt-armllvm_4.0.4.LTS\lib\armv6m-ti-none-eabi/c/libsysbm.a
       hostexit.c.obj                 4      0         0      
    +--+------------------------------+------+---------+---------+
       Total:                         4      0         0      
                                                              
       Stack:                         0      0         512    
       Linker Generated:              0      20        0      
    +--+------------------------------+------+---------+---------+
       Grand Total:                   598    220       515    


LINKER GENERATED COPY TABLES

__TI_cinit_table @ 0000032c records: 1, size/record: 8, table size: 8
	.bss: load addr=00000320, load size=00000008 bytes, run addr=20200000, run size=00000003 bytes, compression=zero_init


LINKER GENERATED HANDLER TABLE

__TI_handler_table @ 00000328 records: 1, size/record: 4, table size: 4
	index: 0, handler: __TI_zero_init


GLOBAL SYMBOLS: SORTED ALPHABETICALLY BY Name 

address   name                          
-------   ----                          
00000313  ADC0_IRQHandler               
00000249  ADC1_IRQHandler               
00000313  AES_IRQHandler                
00000306  C$$EXIT                       
00000313  CANFD0_IRQHandler             
00000313  DAC0_IRQHandler               
0000014d  DL_ADC12_setClockConfig       
000002f7  DL_Common_delayCycles         
00000313  DMA_IRQHandler                
00000313  Default_Handler               
00000313  GROUP0_IRQHandler             
00000313  GROUP1_IRQHandler             
00000307  HOSTexit                      
00000313  HardFault_Handler             
00000313  I2C0_IRQHandler               
00000313  I2C1_IRQHandler               
00000313  NMI_Handler                   
00000313  PendSV_Handler                
00000313  RTC_IRQHandler                
0000030b  Reset_Handler                 
00000313  SPI0_IRQHandler               
00000313  SPI1_IRQHandler               
00000313  SVC_Handler                   
00000109  SYSCFG_DL_ADC12_0_init        
00000315  SYSCFG_DL_GPIO_init           
00000275  SYSCFG_DL_OPA_0_init          
0000018d  SYSCFG_DL_SYSCTL_init         
000002c9  SYSCFG_DL_init                
000001cd  SYSCFG_DL_initPower           
00000313  SysTick_Handler               
00000313  TIMA0_IRQHandler              
00000313  TIMA1_IRQHandler              
00000313  TIMG0_IRQHandler              
00000313  TIMG12_IRQHandler             
00000313  TIMG6_IRQHandler              
00000313  TIMG7_IRQHandler              
00000313  TIMG8_IRQHandler              
00000313  UART0_IRQHandler              
00000313  UART1_IRQHandler              
00000313  UART2_IRQHandler              
00000313  UART3_IRQHandler              
20208000  __STACK_END                   
00000200  __STACK_SIZE                  
00000000  __TI_ATRegion0_region_sz      
00000000  __TI_ATRegion0_src_addr       
00000000  __TI_ATRegion0_trg_addr       
00000000  __TI_ATRegion1_region_sz      
00000000  __TI_ATRegion1_src_addr       
00000000  __TI_ATRegion1_trg_addr       
00000000  __TI_ATRegion2_region_sz      
00000000  __TI_ATRegion2_src_addr       
00000000  __TI_ATRegion2_trg_addr       
0000032c  __TI_CINIT_Base               
00000334  __TI_CINIT_Limit              
00000334  __TI_CINIT_Warm               
00000328  __TI_Handler_Table_Base       
0000032c  __TI_Handler_Table_Limit      
0000020d  __TI_auto_init_nobinit_nopinit
ffffffff  __TI_pprof_out_hndl           
ffffffff  __TI_prof_data_size           
ffffffff  __TI_prof_data_start          
00000000  __TI_static_base__            
000002e1  __TI_zero_init_nomemset       
ffffffff  __binit__                     
UNDEFED   __mpu_init                    
20207e00  __stack                       
20200000  __start___llvm_prf_bits       
20200000  __start___llvm_prf_cnts       
20200000  __stop___llvm_prf_bits        
20200000  __stop___llvm_prf_cnts        
000002a1  _c_int00_noargs               
UNDEFED   _system_post_cinit            
0000030f  _system_pre_init              
00000301  abort                         
ffffffff  binit                         
20200000  gADCResult                    
20200002  gCheckADC                     
00000000  interruptVectors              
000000c1  main                          


GLOBAL SYMBOLS: SORTED BY Symbol Address 

address   name                          
-------   ----                          
00000000  __TI_ATRegion0_region_sz      
00000000  __TI_ATRegion0_src_addr       
00000000  __TI_ATRegion0_trg_addr       
00000000  __TI_ATRegion1_region_sz      
00000000  __TI_ATRegion1_src_addr       
00000000  __TI_ATRegion1_trg_addr       
00000000  __TI_ATRegion2_region_sz      
00000000  __TI_ATRegion2_src_addr       
00000000  __TI_ATRegion2_trg_addr       
00000000  __TI_static_base__            
00000000  interruptVectors              
000000c1  main                          
00000109  SYSCFG_DL_ADC12_0_init        
0000014d  DL_ADC12_setClockConfig       
0000018d  SYSCFG_DL_SYSCTL_init         
000001cd  SYSCFG_DL_initPower           
00000200  __STACK_SIZE                  
0000020d  __TI_auto_init_nobinit_nopinit
00000249  ADC1_IRQHandler               
00000275  SYSCFG_DL_OPA_0_init          
000002a1  _c_int00_noargs               
000002c9  SYSCFG_DL_init                
000002e1  __TI_zero_init_nomemset       
000002f7  DL_Common_delayCycles         
00000301  abort                         
00000306  C$$EXIT                       
00000307  HOSTexit                      
0000030b  Reset_Handler                 
0000030f  _system_pre_init              
00000313  ADC0_IRQHandler               
00000313  AES_IRQHandler                
00000313  CANFD0_IRQHandler             
00000313  DAC0_IRQHandler               
00000313  DMA_IRQHandler                
00000313  Default_Handler               
00000313  GROUP0_IRQHandler             
00000313  GROUP1_IRQHandler             
00000313  HardFault_Handler             
00000313  I2C0_IRQHandler               
00000313  I2C1_IRQHandler               
00000313  NMI_Handler                   
00000313  PendSV_Handler                
00000313  RTC_IRQHandler                
00000313  SPI0_IRQHandler               
00000313  SPI1_IRQHandler               
00000313  SVC_Handler                   
00000313  SysTick_Handler               
00000313  TIMA0_IRQHandler              
00000313  TIMA1_IRQHandler              
00000313  TIMG0_IRQHandler              
00000313  TIMG12_IRQHandler             
00000313  TIMG6_IRQHandler              
00000313  TIMG7_IRQHandler              
00000313  TIMG8_IRQHandler              
00000313  UART0_IRQHandler              
00000313  UART1_IRQHandler              
00000313  UART2_IRQHandler              
00000313  UART3_IRQHandler              
00000315  SYSCFG_DL_GPIO_init           
00000328  __TI_Handler_Table_Base       
0000032c  __TI_CINIT_Base               
0000032c  __TI_Handler_Table_Limit      
00000334  __TI_CINIT_Limit              
00000334  __TI_CINIT_Warm               
20200000  __start___llvm_prf_bits       
20200000  __start___llvm_prf_cnts       
20200000  __stop___llvm_prf_bits        
20200000  __stop___llvm_prf_cnts        
20200000  gADCResult                    
20200002  gCheckADC                     
20207e00  __stack                       
20208000  __STACK_END                   
ffffffff  __TI_pprof_out_hndl           
ffffffff  __TI_prof_data_size           
ffffffff  __TI_prof_data_start          
ffffffff  __binit__                     
ffffffff  binit                         
UNDEFED   __mpu_init                    
UNDEFED   _system_post_cinit            

[79 symbols]
