******************************************************************************
            TI ARM Clang Linker PC v4.0.4                      
******************************************************************************
>> Linked Sat Nov  8 14:28:32 2025

OUTPUT FILE NAME:   <gpio_toggle.out>
ENTRY POINT SYMBOL: "_c_int00_noinit_noargs"  address: 000002d1


MEMORY CONFIGURATION

         name            origin    length      used     unused   attr    fill
----------------------  --------  ---------  --------  --------  ----  --------
  FLASH                 00000000   00020000  00000320  0001fce0  R  X
  SRAM                  20200000   00008000  00000200  00007e00  RW X
  BCR_CONFIG            41c00000   000000ff  00000000  000000ff  R   
  BSL_CONFIG            41c00100   00000080  00000000  00000080  R   


SEGMENT ALLOCATION MAP

run origin  load origin   length   init length attrs members
----------  ----------- ---------- ----------- ----- -------
00000000    00000000    00000320   00000320    r-x
  00000000    00000000    000000c0   000000c0    r-- .intvecs
  000000c0    000000c0    00000260   00000260    r-x .text
20207e00    20207e00    00000200   00000000    rw-
  20207e00    20207e00    00000200   00000000    rw- .stack


SECTION ALLOCATION MAP

 output                                  attributes/
section   page    origin      length       input sections
--------  ----  ----------  ----------   ----------------
.intvecs   0    00000000    000000c0     
                  00000000    000000c0     startup_mspm0g350x_ticlang.o (.intvecs)

.text      0    000000c0    00000260     
                  000000c0    00000180     empty.o (.text.main)
                  00000240    00000034     ti_msp_dl_config.o (.text.SYSCFG_DL_GPIO_init)
                  00000274    00000030     ti_msp_dl_config.o (.text.SYSCFG_DL_SYSCTL_init)
                  000002a4    0000002c     ti_msp_dl_config.o (.text.SYSCFG_DL_initPower)
                  000002d0    00000020     libc.a : boot_cortex_m.c.obj (.text:_c_int00_noinit_noargs)
                  000002f0    00000010     ti_msp_dl_config.o (.text.SYSCFG_DL_init)
                  00000300    0000000a     dl_common.o (.text.DL_Common_delayCycles)
                  0000030a    00000006     libc.a : exit.c.obj (.text:abort)
                  00000310    00000004     libsysbm.a : hostexit.c.obj (.text.HOSTexit)
                  00000314    00000004     startup_mspm0g350x_ticlang.o (.text.Reset_Handler)
                  00000318    00000004     libc.a : pre_init.c.obj (.text._system_pre_init)
                  0000031c    00000002     startup_mspm0g350x_ticlang.o (.text.Default_Handler)
                  0000031e    00000002     --HOLE-- [fill = 0]

.cinit     0    00000000    00000000     

.init_array 
*          0    00000000    00000000     UNINITIALIZED

.binit     0    00000000    00000000     

.stack     0    20207e00    00000200     UNINITIALIZED
                  20207e00    00000004     libc.a : boot_cortex_m.c.obj (.stack)
                  20207e04    000001fc     --HOLE--

__llvm_prf_cnts 
*          0    20200000    00000000     UNINITIALIZED

__llvm_prf_bits 
*          0    20200000    00000000     UNINITIALIZED

MODULE SUMMARY

       Module                         code   ro data   rw data
       ------                         ----   -------   -------
    .\
       empty.o                        384    0         0      
       startup_mspm0g350x_ticlang.o   6      192       0      
       ti_msp_dl_config.o             160    0         0      
    +--+------------------------------+------+---------+---------+
       Total:                         550    192       0      
                                                              
    .\ti\driverlib\
       dl_common.o                    10     0         0      
    +--+------------------------------+------+---------+---------+
       Total:                         10     0         0      
                                                              
    C:\ti\ccs2031\ccs\tools\compiler\ti-cgt-armllvm_4.0.4.LTS\lib\armv6m-ti-none-eabi/c/libc.a
       boot_cortex_m.c.obj            32     0         0      
       exit.c.obj                     6      0         0      
       pre_init.c.obj                 4      0         0      
    +--+------------------------------+------+---------+---------+
       Total:                         42     0         0      
                                                              
    C:\ti\ccs2031\ccs\tools\compiler\ti-cgt-armllvm_4.0.4.LTS\lib\armv6m-ti-none-eabi/c/libsysbm.a
       hostexit.c.obj                 4      0         0      
    +--+------------------------------+------+---------+---------+
       Total:                         4      0         0      
                                                              
       Stack:                         0      0         512    
    +--+------------------------------+------+---------+---------+
       Grand Total:                   606    192       512    


GLOBAL SYMBOLS: SORTED ALPHABETICALLY BY Name 

address   name                    
-------   ----                    
0000031d  ADC0_IRQHandler         
0000031d  ADC1_IRQHandler         
0000031d  AES_IRQHandler          
00000310  C$$EXIT                 
0000031d  CANFD0_IRQHandler       
0000031d  DAC0_IRQHandler         
00000301  DL_Common_delayCycles   
0000031d  DMA_IRQHandler          
0000031d  Default_Handler         
0000031d  GROUP0_IRQHandler       
0000031d  GROUP1_IRQHandler       
00000311  HOSTexit                
0000031d  HardFault_Handler       
0000031d  I2C0_IRQHandler         
0000031d  I2C1_IRQHandler         
0000031d  NMI_Handler             
0000031d  PendSV_Handler          
0000031d  RTC_IRQHandler          
00000315  Reset_Handler           
0000031d  SPI0_IRQHandler         
0000031d  SPI1_IRQHandler         
0000031d  SVC_Handler             
00000241  SYSCFG_DL_GPIO_init     
00000275  SYSCFG_DL_SYSCTL_init   
000002f1  SYSCFG_DL_init          
000002a5  SYSCFG_DL_initPower     
0000031d  SysTick_Handler         
0000031d  TIMA0_IRQHandler        
0000031d  TIMA1_IRQHandler        
0000031d  TIMG0_IRQHandler        
0000031d  TIMG12_IRQHandler       
0000031d  TIMG6_IRQHandler        
0000031d  TIMG7_IRQHandler        
0000031d  TIMG8_IRQHandler        
0000031d  UART0_IRQHandler        
0000031d  UART1_IRQHandler        
0000031d  UART2_IRQHandler        
0000031d  UART3_IRQHandler        
20208000  __STACK_END             
00000200  __STACK_SIZE            
00000000  __TI_ATRegion0_region_sz
00000000  __TI_ATRegion0_src_addr 
00000000  __TI_ATRegion0_trg_addr 
00000000  __TI_ATRegion1_region_sz
00000000  __TI_ATRegion1_src_addr 
00000000  __TI_ATRegion1_trg_addr 
00000000  __TI_ATRegion2_region_sz
00000000  __TI_ATRegion2_src_addr 
00000000  __TI_ATRegion2_trg_addr 
00000000  __TI_CINIT_Base         
00000000  __TI_CINIT_Limit        
00000000  __TI_CINIT_Warm         
ffffffff  __TI_pprof_out_hndl     
ffffffff  __TI_prof_data_size     
ffffffff  __TI_prof_data_start    
00000000  __TI_static_base__      
ffffffff  __binit__               
UNDEFED   __mpu_init              
20207e00  __stack                 
20200000  __start___llvm_prf_bits 
20200000  __start___llvm_prf_cnts 
20200000  __stop___llvm_prf_bits  
20200000  __stop___llvm_prf_cnts  
000002d1  _c_int00_noinit_noargs  
00000319  _system_pre_init        
0000030b  abort                   
ffffffff  binit                   
00000000  interruptVectors        
000000c1  main                    


GLOBAL SYMBOLS: SORTED BY Symbol Address 

address   name                    
-------   ----                    
00000000  __TI_ATRegion0_region_sz
00000000  __TI_ATRegion0_src_addr 
00000000  __TI_ATRegion0_trg_addr 
00000000  __TI_ATRegion1_region_sz
00000000  __TI_ATRegion1_src_addr 
00000000  __TI_ATRegion1_trg_addr 
00000000  __TI_ATRegion2_region_sz
00000000  __TI_ATRegion2_src_addr 
00000000  __TI_ATRegion2_trg_addr 
00000000  __TI_CINIT_Base         
00000000  __TI_CINIT_Limit        
00000000  __TI_CINIT_Warm         
00000000  __TI_static_base__      
00000000  interruptVectors        
000000c1  main                    
00000200  __STACK_SIZE            
00000241  SYSCFG_DL_GPIO_init     
00000275  SYSCFG_DL_SYSCTL_init   
000002a5  SYSCFG_DL_initPower     
000002d1  _c_int00_noinit_noargs  
000002f1  SYSCFG_DL_init          
00000301  DL_Common_delayCycles   
0000030b  abort                   
00000310  C$$EXIT                 
00000311  HOSTexit                
00000315  Reset_Handler           
00000319  _system_pre_init        
0000031d  ADC0_IRQHandler         
0000031d  ADC1_IRQHandler         
0000031d  AES_IRQHandler          
0000031d  CANFD0_IRQHandler       
0000031d  DAC0_IRQHandler         
0000031d  DMA_IRQHandler          
0000031d  Default_Handler         
0000031d  GROUP0_IRQHandler       
0000031d  GROUP1_IRQHandler       
0000031d  HardFault_Handler       
0000031d  I2C0_IRQHandler         
0000031d  I2C1_IRQHandler         
0000031d  NMI_Handler             
0000031d  PendSV_Handler          
0000031d  RTC_IRQHandler          
0000031d  SPI0_IRQHandler         
0000031d  SPI1_IRQHandler         
0000031d  SVC_Handler             
0000031d  SysTick_Handler         
0000031d  TIMA0_IRQHandler        
0000031d  TIMA1_IRQHandler        
0000031d  TIMG0_IRQHandler        
0000031d  TIMG12_IRQHandler       
0000031d  TIMG6_IRQHandler        
0000031d  TIMG7_IRQHandler        
0000031d  TIMG8_IRQHandler        
0000031d  UART0_IRQHandler        
0000031d  UART1_IRQHandler        
0000031d  UART2_IRQHandler        
0000031d  UART3_IRQHandler        
20200000  __start___llvm_prf_bits 
20200000  __start___llvm_prf_cnts 
20200000  __stop___llvm_prf_bits  
20200000  __stop___llvm_prf_cnts  
20207e00  __stack                 
20208000  __STACK_END             
ffffffff  __TI_pprof_out_hndl     
ffffffff  __TI_prof_data_size     
ffffffff  __TI_prof_data_start    
ffffffff  __binit__               
ffffffff  binit                   
UNDEFED   __mpu_init              

[69 symbols]
