******************************************************************************
            TI ARM Clang Linker PC v4.0.4                      
******************************************************************************
>> Linked Wed Jan  7 17:50:41 2026

OUTPUT FILE NAME:   <ADC_CH2_Single_Conversion.out>
ENTRY POINT SYMBOL: "_c_int00_noargs"  address: 00000219


MEMORY CONFIGURATION

         name            origin    length      used     unused   attr    fill
----------------------  --------  ---------  --------  --------  ----  --------
  FLASH                 00000000   00020000  000002e8  0001fd18  R  X
  SRAM                  20200000   00008000  00000203  00007dfd  RW X
  BCR_CONFIG            41c00000   000000ff  00000000  000000ff  R   
  BSL_CONFIG            41c00100   00000080  00000000  00000080  R   


SEGMENT ALLOCATION MAP

run origin  load origin   length   init length attrs members
----------  ----------- ---------- ----------- ----- -------
00000000    00000000    000002e8   000002e8    r-x
  00000000    00000000    000000c0   000000c0    r-- .intvecs
  000000c0    000000c0    00000208   00000208    r-x .text
  000002c8    000002c8    00000008   00000008    r-- .rodata
  000002d0    000002d0    00000018   00000018    r-- .cinit
20200000    20200000    00000003   00000000    rw-
  20200000    20200000    00000003   00000000    rw- .bss
20207e00    20207e00    00000200   00000000    rw-
  20207e00    20207e00    00000200   00000000    rw- .stack


SECTION ALLOCATION MAP

 output                                  attributes/
section   page    origin      length       input sections
--------  ----  ----------  ----------   ----------------
.intvecs   0    00000000    000000c0     
                  00000000    000000c0     startup_mspm0g350x_ticlang.o (.intvecs)

.text      0    000000c0    00000208     
                  000000c0    0000005c     empty.o (.text.main)
                  0000011c    0000004c     ti_msp_dl_config.o (.text.SYSCFG_DL_ADC12_0_init)
                  00000168    00000040     dl_adc12.o (.text.DL_ADC12_setClockConfig)
                  000001a8    0000003c     libc.a : autoinit.c.obj (.text:__TI_auto_init_nobinit_nopinit)
                  000001e4    00000034     ti_msp_dl_config.o (.text.SYSCFG_DL_initPower)
                  00000218    00000028     libc.a : boot_cortex_m.c.obj (.text:_c_int00_noargs)
                  00000240    0000001c     empty.o (.text.ADC0_IRQHandler)
                  0000025c    0000001c     ti_msp_dl_config.o (.text.SYSCFG_DL_SYSCTL_init)
                  00000278    00000016     libc.a : copy_zero_init.c.obj (.text:decompress:ZI:__TI_zero_init_nomemset)
                  0000028e    00000014     ti_msp_dl_config.o (.text.SYSCFG_DL_init)
                  000002a2    0000000a     dl_common.o (.text.DL_Common_delayCycles)
                  000002ac    00000006     libc.a : exit.c.obj (.text:abort)
                  000002b2    00000004     libsysbm.a : hostexit.c.obj (.text.HOSTexit)
                  000002b6    00000004     startup_mspm0g350x_ticlang.o (.text.Reset_Handler)
                  000002ba    00000004     libc.a : pre_init.c.obj (.text._system_pre_init)
                  000002be    00000002     startup_mspm0g350x_ticlang.o (.text.Default_Handler)
                  000002c0    00000002     ti_msp_dl_config.o (.text.SYSCFG_DL_GPIO_init)
                  000002c2    00000006     --HOLE-- [fill = 0]

.cinit     0    000002d0    00000018     
                  000002d0    00000008     (.cinit..bss.load) [load image, compression = zero_init]
                  000002d8    00000004     (__TI_handler_table)
                  000002dc    00000008     (__TI_cinit_table)
                  000002e4    00000004     --HOLE-- [fill = 0]

.rodata    0    000002c8    00000008     
                  000002c8    00000008     ti_msp_dl_config.o (.rodata.gADC12_0ClockConfig)

.init_array 
*          0    00000000    00000000     UNINITIALIZED

.binit     0    00000000    00000000     

.bss       0    20200000    00000003     UNINITIALIZED
                  20200000    00000002     (.common:gAdcResult)
                  20200002    00000001     (.common:gCheckADC)

.stack     0    20207e00    00000200     UNINITIALIZED
                  20207e00    00000004     libc.a : boot_cortex_m.c.obj (.stack)
                  20207e04    000001fc     --HOLE--

__llvm_prf_cnts 
*          0    20200000    00000000     UNINITIALIZED

__llvm_prf_bits 
*          0    20200000    00000000     UNINITIALIZED

MODULE SUMMARY

       Module                         code   ro data   rw data
       ------                         ----   -------   -------
    .\
       startup_mspm0g350x_ticlang.o   6      192       0      
       ti_msp_dl_config.o             178    8         0      
       empty.o                        120    0         3      
    +--+------------------------------+------+---------+---------+
       Total:                         304    200       3      
                                                              
    .\ti\driverlib\
       dl_adc12.o                     64     0         0      
       dl_common.o                    10     0         0      
    +--+------------------------------+------+---------+---------+
       Total:                         74     0         0      
                                                              
    C:\ti\ccs2031\ccs\tools\compiler\ti-cgt-armllvm_4.0.4.LTS\lib\armv6m-ti-none-eabi/c/libc.a
       autoinit.c.obj                 60     0         0      
       boot_cortex_m.c.obj            40     0         0      
       copy_zero_init.c.obj           22     0         0      
       exit.c.obj                     6      0         0      
       pre_init.c.obj                 4      0         0      
    +--+------------------------------+------+---------+---------+
       Total:                         132    0         0      
                                                              
    C:\ti\ccs2031\ccs\tools\compiler\ti-cgt-armllvm_4.0.4.LTS\lib\armv6m-ti-none-eabi/c/libsysbm.a
       hostexit.c.obj                 4      0         0      
    +--+------------------------------+------+---------+---------+
       Total:                         4      0         0      
                                                              
       Stack:                         0      0         512    
       Linker Generated:              0      20        0      
    +--+------------------------------+------+---------+---------+
       Grand Total:                   514    220       515    


LINKER GENERATED COPY TABLES

__TI_cinit_table @ 000002dc records: 1, size/record: 8, table size: 8
	.bss: load addr=000002d0, load size=00000008 bytes, run addr=20200000, run size=00000003 bytes, compression=zero_init


LINKER GENERATED HANDLER TABLE

__TI_handler_table @ 000002d8 records: 1, size/record: 4, table size: 4
	index: 0, handler: __TI_zero_init


GLOBAL SYMBOLS: SORTED ALPHABETICALLY BY Name 

address   name                          
-------   ----                          
00000241  ADC0_IRQHandler               
000002bf  ADC1_IRQHandler               
000002bf  AES_IRQHandler                
000002b2  C$$EXIT                       
000002bf  CANFD0_IRQHandler             
000002bf  DAC0_IRQHandler               
00000169  DL_ADC12_setClockConfig       
000002a3  DL_Common_delayCycles         
000002bf  DMA_IRQHandler                
000002bf  Default_Handler               
000002bf  GROUP0_IRQHandler             
000002bf  GROUP1_IRQHandler             
000002b3  HOSTexit                      
000002bf  HardFault_Handler             
000002bf  I2C0_IRQHandler               
000002bf  I2C1_IRQHandler               
000002bf  NMI_Handler                   
000002bf  PendSV_Handler                
000002bf  RTC_IRQHandler                
000002b7  Reset_Handler                 
000002bf  SPI0_IRQHandler               
000002bf  SPI1_IRQHandler               
000002bf  SVC_Handler                   
0000011d  SYSCFG_DL_ADC12_0_init        
000002c1  SYSCFG_DL_GPIO_init           
0000025d  SYSCFG_DL_SYSCTL_init         
0000028f  SYSCFG_DL_init                
000001e5  SYSCFG_DL_initPower           
000002bf  SysTick_Handler               
000002bf  TIMA0_IRQHandler              
000002bf  TIMA1_IRQHandler              
000002bf  TIMG0_IRQHandler              
000002bf  TIMG12_IRQHandler             
000002bf  TIMG6_IRQHandler              
000002bf  TIMG7_IRQHandler              
000002bf  TIMG8_IRQHandler              
000002bf  UART0_IRQHandler              
000002bf  UART1_IRQHandler              
000002bf  UART2_IRQHandler              
000002bf  UART3_IRQHandler              
20208000  __STACK_END                   
00000200  __STACK_SIZE                  
00000000  __TI_ATRegion0_region_sz      
00000000  __TI_ATRegion0_src_addr       
00000000  __TI_ATRegion0_trg_addr       
00000000  __TI_ATRegion1_region_sz      
00000000  __TI_ATRegion1_src_addr       
00000000  __TI_ATRegion1_trg_addr       
00000000  __TI_ATRegion2_region_sz      
00000000  __TI_ATRegion2_src_addr       
00000000  __TI_ATRegion2_trg_addr       
000002dc  __TI_CINIT_Base               
000002e4  __TI_CINIT_Limit              
000002e4  __TI_CINIT_Warm               
000002d8  __TI_Handler_Table_Base       
000002dc  __TI_Handler_Table_Limit      
000001a9  __TI_auto_init_nobinit_nopinit
ffffffff  __TI_pprof_out_hndl           
ffffffff  __TI_prof_data_size           
ffffffff  __TI_prof_data_start          
00000000  __TI_static_base__            
00000279  __TI_zero_init_nomemset       
ffffffff  __binit__                     
UNDEFED   __mpu_init                    
20207e00  __stack                       
20200000  __start___llvm_prf_bits       
20200000  __start___llvm_prf_cnts       
20200000  __stop___llvm_prf_bits        
20200000  __stop___llvm_prf_cnts        
00000219  _c_int00_noargs               
UNDEFED   _system_post_cinit            
000002bb  _system_pre_init              
000002ad  abort                         
ffffffff  binit                         
20200000  gAdcResult                    
20200002  gCheckADC                     
00000000  interruptVectors              
000000c1  main                          


GLOBAL SYMBOLS: SORTED BY Symbol Address 

address   name                          
-------   ----                          
00000000  __TI_ATRegion0_region_sz      
00000000  __TI_ATRegion0_src_addr       
00000000  __TI_ATRegion0_trg_addr       
00000000  __TI_ATRegion1_region_sz      
00000000  __TI_ATRegion1_src_addr       
00000000  __TI_ATRegion1_trg_addr       
00000000  __TI_ATRegion2_region_sz      
00000000  __TI_ATRegion2_src_addr       
00000000  __TI_ATRegion2_trg_addr       
00000000  __TI_static_base__            
00000000  interruptVectors              
000000c1  main                          
0000011d  SYSCFG_DL_ADC12_0_init        
00000169  DL_ADC12_setClockConfig       
000001a9  __TI_auto_init_nobinit_nopinit
000001e5  SYSCFG_DL_initPower           
00000200  __STACK_SIZE                  
00000219  _c_int00_noargs               
00000241  ADC0_IRQHandler               
0000025d  SYSCFG_DL_SYSCTL_init         
00000279  __TI_zero_init_nomemset       
0000028f  SYSCFG_DL_init                
000002a3  DL_Common_delayCycles         
000002ad  abort                         
000002b2  C$$EXIT                       
000002b3  HOSTexit                      
000002b7  Reset_Handler                 
000002bb  _system_pre_init              
000002bf  ADC1_IRQHandler               
000002bf  AES_IRQHandler                
000002bf  CANFD0_IRQHandler             
000002bf  DAC0_IRQHandler               
000002bf  DMA_IRQHandler                
000002bf  Default_Handler               
000002bf  GROUP0_IRQHandler             
000002bf  GROUP1_IRQHandler             
000002bf  HardFault_Handler             
000002bf  I2C0_IRQHandler               
000002bf  I2C1_IRQHandler               
000002bf  NMI_Handler                   
000002bf  PendSV_Handler                
000002bf  RTC_IRQHandler                
000002bf  SPI0_IRQHandler               
000002bf  SPI1_IRQHandler               
000002bf  SVC_Handler                   
000002bf  SysTick_Handler               
000002bf  TIMA0_IRQHandler              
000002bf  TIMA1_IRQHandler              
000002bf  TIMG0_IRQHandler              
000002bf  TIMG12_IRQHandler             
000002bf  TIMG6_IRQHandler              
000002bf  TIMG7_IRQHandler              
000002bf  TIMG8_IRQHandler              
000002bf  UART0_IRQHandler              
000002bf  UART1_IRQHandler              
000002bf  UART2_IRQHandler              
000002bf  UART3_IRQHandler              
000002c1  SYSCFG_DL_GPIO_init           
000002d8  __TI_Handler_Table_Base       
000002dc  __TI_CINIT_Base               
000002dc  __TI_Handler_Table_Limit      
000002e4  __TI_CINIT_Limit              
000002e4  __TI_CINIT_Warm               
20200000  __start___llvm_prf_bits       
20200000  __start___llvm_prf_cnts       
20200000  __stop___llvm_prf_bits        
20200000  __stop___llvm_prf_cnts        
20200000  gAdcResult                    
20200002  gCheckADC                     
20207e00  __stack                       
20208000  __STACK_END                   
ffffffff  __TI_pprof_out_hndl           
ffffffff  __TI_prof_data_size           
ffffffff  __TI_prof_data_start          
ffffffff  __binit__                     
ffffffff  binit                         
UNDEFED   __mpu_init                    
UNDEFED   _system_post_cinit            

[78 symbols]
