******************************************************************************
            TI ARM Clang Linker PC v4.0.4                      
******************************************************************************
>> Linked Sat Nov 15 10:50:41 2025

OUTPUT FILE NAME:   <gp_Amp.out>
ENTRY POINT SYMBOL: "_c_int00_noinit_noargs"  address: 0000016d


MEMORY CONFIGURATION

         name            origin    length      used     unused   attr    fill
----------------------  --------  ---------  --------  --------  ----  --------
  FLASH                 00000000   00020000  000001f0  0001fe10  R  X
  SRAM                  20200000   00008000  00000200  00007e00  RW X
  BCR_CONFIG            41c00000   000000ff  00000000  000000ff  R   
  BSL_CONFIG            41c00100   00000080  00000000  00000080  R   


SEGMENT ALLOCATION MAP

run origin  load origin   length   init length attrs members
----------  ----------- ---------- ----------- ----- -------
00000000    00000000    000001f0   000001f0    r-x
  00000000    00000000    000000c0   000000c0    r-- .intvecs
  000000c0    000000c0    00000128   00000128    r-x .text
  000001e8    000001e8    00000008   00000008    r-- .rodata
20207e00    20207e00    00000200   00000000    rw-
  20207e00    20207e00    00000200   00000000    rw- .stack


SECTION ALLOCATION MAP

 output                                  attributes/
section   page    origin      length       input sections
--------  ----  ----------  ----------   ----------------
.intvecs   0    00000000    000000c0     
                  00000000    000000c0     startup_mspm0g350x_ticlang.o (.intvecs)

.text      0    000000c0    00000128     
                  000000c0    00000038     ti_msp_dl_config.o (.text.SYSCFG_DL_initPower)
                  000000f8    00000030     ti_msp_dl_config.o (.text.SYSCFG_DL_SYSCTL_init)
                  00000128    00000022     dl_vref.o (.text.DL_VREF_configReference)
                  0000014a    00000002     startup_mspm0g350x_ticlang.o (.text.Default_Handler)
                  0000014c    00000020     ti_msp_dl_config.o (.text.SYSCFG_DL_GPAMP_0_init)
                  0000016c    00000020     libc.a : boot_cortex_m.c.obj (.text:_c_int00_noinit_noargs)
                  0000018c    0000001c     ti_msp_dl_config.o (.text.SYSCFG_DL_VREF_init)
                  000001a8    00000018     ti_msp_dl_config.o (.text.SYSCFG_DL_init)
                  000001c0    0000000a     dl_common.o (.text.DL_Common_delayCycles)
                  000001ca    00000006     empty.o (.text.main)
                  000001d0    00000006     libc.a : exit.c.obj (.text:abort)
                  000001d6    00000004     libsysbm.a : hostexit.c.obj (.text.HOSTexit)
                  000001da    00000004     startup_mspm0g350x_ticlang.o (.text.Reset_Handler)
                  000001de    00000004     libc.a : pre_init.c.obj (.text._system_pre_init)
                  000001e2    00000002     ti_msp_dl_config.o (.text.SYSCFG_DL_GPIO_init)
                  000001e4    00000004     --HOLE-- [fill = 0]

.cinit     0    00000000    00000000     

.rodata    0    000001e8    00000008     
                  000001e8    00000008     ti_msp_dl_config.o (.rodata.gVREFConfig)

.init_array 
*          0    00000000    00000000     UNINITIALIZED

.binit     0    00000000    00000000     

.stack     0    20207e00    00000200     UNINITIALIZED
                  20207e00    00000004     libc.a : boot_cortex_m.c.obj (.stack)
                  20207e04    000001fc     --HOLE--

__llvm_prf_cnts 
*          0    20200000    00000000     UNINITIALIZED

__llvm_prf_bits 
*          0    20200000    00000000     UNINITIALIZED

MODULE SUMMARY

       Module                         code   ro data   rw data
       ------                         ----   -------   -------
    .\
       startup_mspm0g350x_ticlang.o   6      192       0      
       ti_msp_dl_config.o             190    8         0      
       empty.o                        6      0         0      
    +--+------------------------------+------+---------+---------+
       Total:                         202    200       0      
                                                              
    .\ti\driverlib\
       dl_vref.o                      34     0         0      
       dl_common.o                    10     0         0      
    +--+------------------------------+------+---------+---------+
       Total:                         44     0         0      
                                                              
    C:\ti\ccs2031\ccs\tools\compiler\ti-cgt-armllvm_4.0.4.LTS\lib\armv6m-ti-none-eabi/c/libc.a
       boot_cortex_m.c.obj            32     0         0      
       exit.c.obj                     6      0         0      
       pre_init.c.obj                 4      0         0      
    +--+------------------------------+------+---------+---------+
       Total:                         42     0         0      
                                                              
    C:\ti\ccs2031\ccs\tools\compiler\ti-cgt-armllvm_4.0.4.LTS\lib\armv6m-ti-none-eabi/c/libsysbm.a
       hostexit.c.obj                 4      0         0      
    +--+------------------------------+------+---------+---------+
       Total:                         4      0         0      
                                                              
       Stack:                         0      0         512    
    +--+------------------------------+------+---------+---------+
       Grand Total:                   292    200       512    


GLOBAL SYMBOLS: SORTED ALPHABETICALLY BY Name 

address   name                    
-------   ----                    
0000014b  ADC0_IRQHandler         
0000014b  ADC1_IRQHandler         
0000014b  AES_IRQHandler          
000001d6  C$$EXIT                 
0000014b  CANFD0_IRQHandler       
0000014b  DAC0_IRQHandler         
000001c1  DL_Common_delayCycles   
00000129  DL_VREF_configReference 
0000014b  DMA_IRQHandler          
0000014b  Default_Handler         
0000014b  GROUP0_IRQHandler       
0000014b  GROUP1_IRQHandler       
000001d7  HOSTexit                
0000014b  HardFault_Handler       
0000014b  I2C0_IRQHandler         
0000014b  I2C1_IRQHandler         
0000014b  NMI_Handler             
0000014b  PendSV_Handler          
0000014b  RTC_IRQHandler          
000001db  Reset_Handler           
0000014b  SPI0_IRQHandler         
0000014b  SPI1_IRQHandler         
0000014b  SVC_Handler             
0000014d  SYSCFG_DL_GPAMP_0_init  
000001e3  SYSCFG_DL_GPIO_init     
000000f9  SYSCFG_DL_SYSCTL_init   
0000018d  SYSCFG_DL_VREF_init     
000001a9  SYSCFG_DL_init          
000000c1  SYSCFG_DL_initPower     
0000014b  SysTick_Handler         
0000014b  TIMA0_IRQHandler        
0000014b  TIMA1_IRQHandler        
0000014b  TIMG0_IRQHandler        
0000014b  TIMG12_IRQHandler       
0000014b  TIMG6_IRQHandler        
0000014b  TIMG7_IRQHandler        
0000014b  TIMG8_IRQHandler        
0000014b  UART0_IRQHandler        
0000014b  UART1_IRQHandler        
0000014b  UART2_IRQHandler        
0000014b  UART3_IRQHandler        
20208000  __STACK_END             
00000200  __STACK_SIZE            
00000000  __TI_ATRegion0_region_sz
00000000  __TI_ATRegion0_src_addr 
00000000  __TI_ATRegion0_trg_addr 
00000000  __TI_ATRegion1_region_sz
00000000  __TI_ATRegion1_src_addr 
00000000  __TI_ATRegion1_trg_addr 
00000000  __TI_ATRegion2_region_sz
00000000  __TI_ATRegion2_src_addr 
00000000  __TI_ATRegion2_trg_addr 
00000000  __TI_CINIT_Base         
00000000  __TI_CINIT_Limit        
00000000  __TI_CINIT_Warm         
ffffffff  __TI_pprof_out_hndl     
ffffffff  __TI_prof_data_size     
ffffffff  __TI_prof_data_start    
00000000  __TI_static_base__      
ffffffff  __binit__               
UNDEFED   __mpu_init              
20207e00  __stack                 
20200000  __start___llvm_prf_bits 
20200000  __start___llvm_prf_cnts 
20200000  __stop___llvm_prf_bits  
20200000  __stop___llvm_prf_cnts  
0000016d  _c_int00_noinit_noargs  
000001df  _system_pre_init        
000001d1  abort                   
ffffffff  binit                   
00000000  interruptVectors        
000001cb  main                    


GLOBAL SYMBOLS: SORTED BY Symbol Address 

address   name                    
-------   ----                    
00000000  __TI_ATRegion0_region_sz
00000000  __TI_ATRegion0_src_addr 
00000000  __TI_ATRegion0_trg_addr 
00000000  __TI_ATRegion1_region_sz
00000000  __TI_ATRegion1_src_addr 
00000000  __TI_ATRegion1_trg_addr 
00000000  __TI_ATRegion2_region_sz
00000000  __TI_ATRegion2_src_addr 
00000000  __TI_ATRegion2_trg_addr 
00000000  __TI_CINIT_Base         
00000000  __TI_CINIT_Limit        
00000000  __TI_CINIT_Warm         
00000000  __TI_static_base__      
00000000  interruptVectors        
000000c1  SYSCFG_DL_initPower     
000000f9  SYSCFG_DL_SYSCTL_init   
00000129  DL_VREF_configReference 
0000014b  ADC0_IRQHandler         
0000014b  ADC1_IRQHandler         
0000014b  AES_IRQHandler          
0000014b  CANFD0_IRQHandler       
0000014b  DAC0_IRQHandler         
0000014b  DMA_IRQHandler          
0000014b  Default_Handler         
0000014b  GROUP0_IRQHandler       
0000014b  GROUP1_IRQHandler       
0000014b  HardFault_Handler       
0000014b  I2C0_IRQHandler         
0000014b  I2C1_IRQHandler         
0000014b  NMI_Handler             
0000014b  PendSV_Handler          
0000014b  RTC_IRQHandler          
0000014b  SPI0_IRQHandler         
0000014b  SPI1_IRQHandler         
0000014b  SVC_Handler             
0000014b  SysTick_Handler         
0000014b  TIMA0_IRQHandler        
0000014b  TIMA1_IRQHandler        
0000014b  TIMG0_IRQHandler        
0000014b  TIMG12_IRQHandler       
0000014b  TIMG6_IRQHandler        
0000014b  TIMG7_IRQHandler        
0000014b  TIMG8_IRQHandler        
0000014b  UART0_IRQHandler        
0000014b  UART1_IRQHandler        
0000014b  UART2_IRQHandler        
0000014b  UART3_IRQHandler        
0000014d  SYSCFG_DL_GPAMP_0_init  
0000016d  _c_int00_noinit_noargs  
0000018d  SYSCFG_DL_VREF_init     
000001a9  SYSCFG_DL_init          
000001c1  DL_Common_delayCycles   
000001cb  main                    
000001d1  abort                   
000001d6  C$$EXIT                 
000001d7  HOSTexit                
000001db  Reset_Handler           
000001df  _system_pre_init        
000001e3  SYSCFG_DL_GPIO_init     
00000200  __STACK_SIZE            
20200000  __start___llvm_prf_bits 
20200000  __start___llvm_prf_cnts 
20200000  __stop___llvm_prf_bits  
20200000  __stop___llvm_prf_cnts  
20207e00  __stack                 
20208000  __STACK_END             
ffffffff  __TI_pprof_out_hndl     
ffffffff  __TI_prof_data_size     
ffffffff  __TI_prof_data_start    
ffffffff  __binit__               
ffffffff  binit                   
UNDEFED   __mpu_init              

[72 symbols]
