******************************************************************************
            TI ARM Clang Linker PC v4.0.4                      
******************************************************************************
>> Linked Fri Nov 14 17:22:51 2025

OUTPUT FILE NAME:   <op_Amp_Inverting.out>
ENTRY POINT SYMBOL: "_c_int00_noinit_noargs"  address: 00000281


MEMORY CONFIGURATION

         name            origin    length      used     unused   attr    fill
----------------------  --------  ---------  --------  --------  ----  --------
  FLASH                 00000000   00020000  00000328  0001fcd8  R  X
  SRAM                  20200000   00008000  00000200  00007e00  RW X
  BCR_CONFIG            41c00000   000000ff  00000000  000000ff  R   
  BSL_CONFIG            41c00100   00000080  00000000  00000080  R   


SEGMENT ALLOCATION MAP

run origin  load origin   length   init length attrs members
----------  ----------- ---------- ----------- ----- -------
00000000    00000000    00000328   00000328    r-x
  00000000    00000000    000000c0   000000c0    r-- .intvecs
  000000c0    000000c0    00000238   00000238    r-x .text
  000002f8    000002f8    00000030   00000030    r-- .rodata
20207e00    20207e00    00000200   00000000    rw-
  20207e00    20207e00    00000200   00000000    rw- .stack


SECTION ALLOCATION MAP

 output                                  attributes/
section   page    origin      length       input sections
--------  ----  ----------  ----------   ----------------
.intvecs   0    00000000    000000c0     
                  00000000    000000c0     startup_mspm0g350x_ticlang.o (.intvecs)

.text      0    000000c0    00000238     
                  000000c0    00000088     dl_dac12.o (.text.DL_DAC12_init)
                  00000148    0000004c     ti_msp_dl_config.o (.text.SYSCFG_DL_initPower)
                  00000194    00000040     ti_msp_dl_config.o (.text.SYSCFG_DL_SYSCTL_init)
                  000001d4    00000030     ti_msp_dl_config.o (.text.SYSCFG_DL_DAC12_init)
                  00000204    0000002c     ti_msp_dl_config.o (.text.SYSCFG_DL_OPA_0_init)
                  00000230    0000002c     ti_msp_dl_config.o (.text.SYSCFG_DL_VREF_init)
                  0000025c    00000022     dl_vref.o (.text.DL_VREF_configReference)
                  0000027e    00000002     startup_mspm0g350x_ticlang.o (.text.Default_Handler)
                  00000280    00000020     libc.a : boot_cortex_m.c.obj (.text:_c_int00_noinit_noargs)
                  000002a0    0000001c     ti_msp_dl_config.o (.text.SYSCFG_DL_init)
                  000002bc    00000012     dl_vref.o (.text.DL_VREF_setClockConfig)
                  000002ce    0000000a     dl_common.o (.text.DL_Common_delayCycles)
                  000002d8    00000006     empty.o (.text.main)
                  000002de    00000006     libc.a : exit.c.obj (.text:abort)
                  000002e4    00000004     libsysbm.a : hostexit.c.obj (.text.HOSTexit)
                  000002e8    00000004     startup_mspm0g350x_ticlang.o (.text.Reset_Handler)
                  000002ec    00000004     libc.a : pre_init.c.obj (.text._system_pre_init)
                  000002f0    00000002     ti_msp_dl_config.o (.text.SYSCFG_DL_GPIO_init)
                  000002f2    00000006     --HOLE-- [fill = 0]

.cinit     0    00000000    00000000     

.rodata    0    000002f8    00000030     
                  000002f8    00000020     ti_msp_dl_config.o (.rodata.gDAC12Config)
                  00000318    00000008     ti_msp_dl_config.o (.rodata.gVREFConfig)
                  00000320    00000002     ti_msp_dl_config.o (.rodata.gVREFClockConfig)
                  00000322    00000006     --HOLE-- [fill = 0]

.init_array 
*          0    00000000    00000000     UNINITIALIZED

.binit     0    00000000    00000000     

.stack     0    20207e00    00000200     UNINITIALIZED
                  20207e00    00000004     libc.a : boot_cortex_m.c.obj (.stack)
                  20207e04    000001fc     --HOLE--

__llvm_prf_cnts 
*          0    20200000    00000000     UNINITIALIZED

__llvm_prf_bits 
*          0    20200000    00000000     UNINITIALIZED

MODULE SUMMARY

       Module                         code   ro data   rw data
       ------                         ----   -------   -------
    .\
       ti_msp_dl_config.o             306    42        0      
       startup_mspm0g350x_ticlang.o   6      192       0      
       empty.o                        6      0         0      
    +--+------------------------------+------+---------+---------+
       Total:                         318    234       0      
                                                              
    .\ti\driverlib\
       dl_dac12.o                     136    0         0      
       dl_vref.o                      52     0         0      
       dl_common.o                    10     0         0      
    +--+------------------------------+------+---------+---------+
       Total:                         198    0         0      
                                                              
    C:\ti\ccs2031\ccs\tools\compiler\ti-cgt-armllvm_4.0.4.LTS\lib\armv6m-ti-none-eabi/c/libc.a
       boot_cortex_m.c.obj            32     0         0      
       exit.c.obj                     6      0         0      
       pre_init.c.obj                 4      0         0      
    +--+------------------------------+------+---------+---------+
       Total:                         42     0         0      
                                                              
    C:\ti\ccs2031\ccs\tools\compiler\ti-cgt-armllvm_4.0.4.LTS\lib\armv6m-ti-none-eabi/c/libsysbm.a
       hostexit.c.obj                 4      0         0      
    +--+------------------------------+------+---------+---------+
       Total:                         4      0         0      
                                                              
       Stack:                         0      0         512    
    +--+------------------------------+------+---------+---------+
       Grand Total:                   562    234       512    


GLOBAL SYMBOLS: SORTED ALPHABETICALLY BY Name 

address   name                    
-------   ----                    
0000027f  ADC0_IRQHandler         
0000027f  ADC1_IRQHandler         
0000027f  AES_IRQHandler          
000002e4  C$$EXIT                 
0000027f  CANFD0_IRQHandler       
0000027f  DAC0_IRQHandler         
000002cf  DL_Common_delayCycles   
000000c1  DL_DAC12_init           
0000025d  DL_VREF_configReference 
000002bd  DL_VREF_setClockConfig  
0000027f  DMA_IRQHandler          
0000027f  Default_Handler         
0000027f  GROUP0_IRQHandler       
0000027f  GROUP1_IRQHandler       
000002e5  HOSTexit                
0000027f  HardFault_Handler       
0000027f  I2C0_IRQHandler         
0000027f  I2C1_IRQHandler         
0000027f  NMI_Handler             
0000027f  PendSV_Handler          
0000027f  RTC_IRQHandler          
000002e9  Reset_Handler           
0000027f  SPI0_IRQHandler         
0000027f  SPI1_IRQHandler         
0000027f  SVC_Handler             
000001d5  SYSCFG_DL_DAC12_init    
000002f1  SYSCFG_DL_GPIO_init     
00000205  SYSCFG_DL_OPA_0_init    
00000195  SYSCFG_DL_SYSCTL_init   
00000231  SYSCFG_DL_VREF_init     
000002a1  SYSCFG_DL_init          
00000149  SYSCFG_DL_initPower     
0000027f  SysTick_Handler         
0000027f  TIMA0_IRQHandler        
0000027f  TIMA1_IRQHandler        
0000027f  TIMG0_IRQHandler        
0000027f  TIMG12_IRQHandler       
0000027f  TIMG6_IRQHandler        
0000027f  TIMG7_IRQHandler        
0000027f  TIMG8_IRQHandler        
0000027f  UART0_IRQHandler        
0000027f  UART1_IRQHandler        
0000027f  UART2_IRQHandler        
0000027f  UART3_IRQHandler        
20208000  __STACK_END             
00000200  __STACK_SIZE            
00000000  __TI_ATRegion0_region_sz
00000000  __TI_ATRegion0_src_addr 
00000000  __TI_ATRegion0_trg_addr 
00000000  __TI_ATRegion1_region_sz
00000000  __TI_ATRegion1_src_addr 
00000000  __TI_ATRegion1_trg_addr 
00000000  __TI_ATRegion2_region_sz
00000000  __TI_ATRegion2_src_addr 
00000000  __TI_ATRegion2_trg_addr 
00000000  __TI_CINIT_Base         
00000000  __TI_CINIT_Limit        
00000000  __TI_CINIT_Warm         
ffffffff  __TI_pprof_out_hndl     
ffffffff  __TI_prof_data_size     
ffffffff  __TI_prof_data_start    
00000000  __TI_static_base__      
ffffffff  __binit__               
UNDEFED   __mpu_init              
20207e00  __stack                 
20200000  __start___llvm_prf_bits 
20200000  __start___llvm_prf_cnts 
20200000  __stop___llvm_prf_bits  
20200000  __stop___llvm_prf_cnts  
00000281  _c_int00_noinit_noargs  
000002ed  _system_pre_init        
000002df  abort                   
ffffffff  binit                   
00000000  interruptVectors        
000002d9  main                    


GLOBAL SYMBOLS: SORTED BY Symbol Address 

address   name                    
-------   ----                    
00000000  __TI_ATRegion0_region_sz
00000000  __TI_ATRegion0_src_addr 
00000000  __TI_ATRegion0_trg_addr 
00000000  __TI_ATRegion1_region_sz
00000000  __TI_ATRegion1_src_addr 
00000000  __TI_ATRegion1_trg_addr 
00000000  __TI_ATRegion2_region_sz
00000000  __TI_ATRegion2_src_addr 
00000000  __TI_ATRegion2_trg_addr 
00000000  __TI_CINIT_Base         
00000000  __TI_CINIT_Limit        
00000000  __TI_CINIT_Warm         
00000000  __TI_static_base__      
00000000  interruptVectors        
000000c1  DL_DAC12_init           
00000149  SYSCFG_DL_initPower     
00000195  SYSCFG_DL_SYSCTL_init   
000001d5  SYSCFG_DL_DAC12_init    
00000200  __STACK_SIZE            
00000205  SYSCFG_DL_OPA_0_init    
00000231  SYSCFG_DL_VREF_init     
0000025d  DL_VREF_configReference 
0000027f  ADC0_IRQHandler         
0000027f  ADC1_IRQHandler         
0000027f  AES_IRQHandler          
0000027f  CANFD0_IRQHandler       
0000027f  DAC0_IRQHandler         
0000027f  DMA_IRQHandler          
0000027f  Default_Handler         
0000027f  GROUP0_IRQHandler       
0000027f  GROUP1_IRQHandler       
0000027f  HardFault_Handler       
0000027f  I2C0_IRQHandler         
0000027f  I2C1_IRQHandler         
0000027f  NMI_Handler             
0000027f  PendSV_Handler          
0000027f  RTC_IRQHandler          
0000027f  SPI0_IRQHandler         
0000027f  SPI1_IRQHandler         
0000027f  SVC_Handler             
0000027f  SysTick_Handler         
0000027f  TIMA0_IRQHandler        
0000027f  TIMA1_IRQHandler        
0000027f  TIMG0_IRQHandler        
0000027f  TIMG12_IRQHandler       
0000027f  TIMG6_IRQHandler        
0000027f  TIMG7_IRQHandler        
0000027f  TIMG8_IRQHandler        
0000027f  UART0_IRQHandler        
0000027f  UART1_IRQHandler        
0000027f  UART2_IRQHandler        
0000027f  UART3_IRQHandler        
00000281  _c_int00_noinit_noargs  
000002a1  SYSCFG_DL_init          
000002bd  DL_VREF_setClockConfig  
000002cf  DL_Common_delayCycles   
000002d9  main                    
000002df  abort                   
000002e4  C$$EXIT                 
000002e5  HOSTexit                
000002e9  Reset_Handler           
000002ed  _system_pre_init        
000002f1  SYSCFG_DL_GPIO_init     
20200000  __start___llvm_prf_bits 
20200000  __start___llvm_prf_cnts 
20200000  __stop___llvm_prf_bits  
20200000  __stop___llvm_prf_cnts  
20207e00  __stack                 
20208000  __STACK_END             
ffffffff  __TI_pprof_out_hndl     
ffffffff  __TI_prof_data_size     
ffffffff  __TI_prof_data_start    
ffffffff  __binit__               
ffffffff  binit                   
UNDEFED   __mpu_init              

[75 symbols]
